******************************************************************************
                  TI ARM Linker PC v5.2.4                      
******************************************************************************
>> Linked Mon May 04 16:27:36 2015

OUTPUT FILE NAME:   <Project2.out>
ENTRY POINT SYMBOL: "_c_int00"  address: 00009ca1


MEMORY CONFIGURATION

         name            origin    length      used     unused   attr    fill
----------------------  --------  ---------  --------  --------  ----  --------
  FLASH                 00000000   00040000  00013dcc  0002c234  R  X
  SRAM                  20000000   00020000  0000778d  00018873  RW X


SEGMENT ALLOCATION MAP

run origin  load origin   length   init length attrs members
----------  ----------- ---------- ----------- ----- -------
00000000    00000000    00013dd8   00013dd8    r-x
  00000000    00000000    0000003c   0000003c    r-- .resetVecs
  00000040    00000040    0000cfea   0000cfea    r-x .text
  0000d02c    0000d02c    00006736   00006736    r-- .const
  00013768    00013768    00000670   00000670    r-- .cinit
20000000    20000000    00000360   00000000    rw-
  20000000    20000000    00000360   00000000    rw- .vecs
20000380    20000380    00007430   00000000    rw-
  20000380    20000380    000057ed   00000000    rw- .bss
  20005b70    20005b70    00001000   00000000    rw- .stack
  20006b70    20006b70    00000c40   00000000    rw- .data


SECTION ALLOCATION MAP

 output                                  attributes/
section   page    origin      length       input sections
--------  ----  ----------  ----------   ----------------
.resetVecs 
*          0    00000000    0000003c     
                  00000000    0000003c     empty_pem4f.oem4f (.resetVecs)

.text      0    00000040    0000cfea     
                  00000040    000004b4     empty.obj (.text:grlibTaskFxn1)
                  000004f4    00000498     empty.obj (.text:output)
                  0000098c    00000438     ustdlib.obj (.text:uvsnprintf)
                  00000dc4    00000004     usblib.lib : usbdma.obj (.text:DMAUSBStatus)
                  00000dc8    00000430     sysbios.aem4f : BIOS.obj (.text:ti_sysbios_family_arm_m3_Hwi_excDumpRegs__I)
                  000011f8    0000033c     ti.targets.arm.rtsarm.aem4f : System.oem4f (.text:xdc_runtime_System_doPrint__I)
                  00001534    00000004     driverlib.lib : timer.obj (.text:TimerIntClear)
                  00001538    00000314     sysbios.aem4f : BIOS.obj (.text:ti_sysbios_knl_Semaphore_pend__E)
                  0000184c    0000030c     rtsv7M4_T_le_v4SPD16_eabi.lib : lowlev.obj (.text)
                  00001b58    000002d4                                   : trgdrv.obj (.text)
                  00001e2c    000002c4     Kentec320x240x16_ssd2119_8bit.obj (.text:Kentec320x240x16_SSD2119Init)
                  000020f0    00000298     empty.obj (.text:main)
                  00002388    00000266     grlib.lib : string.obj (.text:GrFontGlyphRender)
                  000025ee    00000002     rtsv7M4_T_le_v4SPD16_eabi.lib : i_div0.obj (.text)
                  000025f0    00000254     sysbios.aem4f : BIOS.obj (.text:ti_sysbios_heaps_HeapMem_free__E)
                  00002844    00000004     driverlib.lib : uart.obj (.text:UARTIntClear)
                  00002848    00000240     sysbios.aem4f : BIOS.obj (.text:ti_sysbios_heaps_HeapMem_alloc__E)
                  00002a88    00000234     touch.obj (.text:TouchScreenDebouncer)
                  00002cbc    00000208     Kentec320x240x16_ssd2119_8bit.obj (.text:Kentec320x240x16_SSD2119PixelDrawMultiple)
                  00002ec4    00000004     driverlib.lib : usb.obj (.text:USBDevAddrSet)
                  00002ec8    000001fc     sysbios.aem4f : BIOS.obj (.text:ti_sysbios_family_arm_m3_Hwi_excHandlerMax__I)
                  000030c4    00000004     empty_pem4f.oem4f (.text:ti_sysbios_BIOS_RtsGateProxy_enter__E)
                  000030c8    000001d4     sysbios.aem4f : BIOS.obj (.text:ti_sysbios_family_arm_lm4_Timer_start__E)
                  0000329c    000001c4     rtsv7M4_T_le_v4SPD16_eabi.lib : fopen.obj (.text)
                  00003460    0000017c     sysbios.aem4f : BIOS.obj (.text:ti_sysbios_family_arm_lm4_TimestampProvider_get64__E)
                  000035dc    00000004     empty_pem4f.oem4f (.text:ti_sysbios_BIOS_RtsGateProxy_leave__E)
                  000035e0    00000174     sysbios.aem4f : BIOS.obj (.text:ti_sysbios_family_arm_m3_Hwi_excBusFault__I)
                  00003754    00000004                   : BIOS.obj (.text:ti_sysbios_family_arm_lm4_Timer_masterEnable__I)
                  00003758    00000164                   : BIOS.obj (.text:ti_sysbios_family_arm_m3_Hwi_excUsageFault__I)
                  000038bc    00000160     Kentec320x240x16_ssd2119_8bit.obj (.text:Kentec320x240x16_SSD2119RectFill)
                  00003a1c    00000160     usblib.lib : usbdenum.obj (.text:USBDEP0StateTxConfig)
                  00003b7c    00000004     empty_pem4f.oem4f (.text:ti_sysbios_family_arm_m3_Hwi_destruct)
                  00003b80    00000158     sysbios.aem4f : BIOS.obj (.text:ti_sysbios_knl_Mailbox_Instance_init__E)
                  00003cd8    0000014c     touch.obj (.text:TouchScreenIntHandler)
                  00003e24    00000004     empty_pem4f.oem4f (.text:ti_sysbios_family_arm_m3_TaskSupport_Module__startupDone__S)
                  00003e28    00000148     sysbios.aem4f : BIOS.obj (.text:ti_sysbios_family_arm_m3_Hwi_excMemFault__I)
                  00003f70    00000140     drivers_tivaware.aem4f : UARTTiva.oem4f (.text:UARTTiva_open)
                  000040b0    00000140     usblib.lib : usbdconfig.obj (.text:USBDeviceConfig)
                  000041f0    00000140     sysbios.aem4f : BIOS.obj (.text:ti_sysbios_knl_Semaphore_post__E)
                  00004330    0000013c                   : BIOS.obj (.text:ti_sysbios_heaps_HeapMem_Instance_init__E)
                  0000446c    00000004     empty_pem4f.oem4f (.text:ti_sysbios_hal_Hwi_HwiProxy_delete)
                  00004470    0000013c     sysbios.aem4f : BIOS.obj (.text:ti_sysbios_utils_Load_logLoads__I)
                  000045ac    00000004     empty_pem4f.oem4f (.text:ti_sysbios_heaps_HeapMem_Module_GateProxy_enter__E)
                  000045b0    00000138     sysbios.aem4f : BIOS.obj (.text:ti_sysbios_family_arm_m3_Hwi_dispatchC__I)
                  000046e8    00000138     empty_pem4f.oem4f (.text:ti_uia_loggers_LoggerStopMode_writeMemoryRange__E)
                  00004820    00000134     sysbios.aem4f : BIOS.obj (.text:ti_sysbios_knl_Clock_workFunc__E)
                  00004954    00000130     touch.obj (.text:TouchScreenInit)
                  00004a84    00000120     ti.targets.arm.rtsarm.aem4f : Error.oem4f (.text:xdc_runtime_Error_policyDefault__E)
                  00004ba4    00000004     empty_pem4f.oem4f (.text:ti_sysbios_heaps_HeapMem_Module_GateProxy_leave__E)
                  00004ba8    0000011c     sysbios.aem4f : BIOS.obj (.text:ti_sysbios_knl_Swi_run__I)
                  00004cc4    00000004     empty_pem4f.oem4f (.text:ti_sysbios_knl_Clock_TimerProxy_getMaxTicks__E)
                  00004cc8    00000110     sysbios.aem4f : BIOS.obj (.text:ti_sysbios_knl_Task_schedule__I)
                  00004dd8    00000110                   : BIOS.obj (.text:ti_sysbios_utils_Load_updateThreadContexts__E)
                  00004ee8    0000010c     empty_pem4f.oem4f (.text:ti_uia_loggers_LoggerStopMode_write8__E)
                  00004ff4    00000104     driverlib.lib : sysctl.obj (.text:SysCtlClockSet)
                  000050f8    00000104     UARTUtils.obj (.text:openHandle)
                  000051fc    00000104     ti.targets.arm.rtsarm.aem4f : Core-mem.oem4f (.text:xdc_runtime_Core_createObject__I)
                  00005300    00000100     Boot.aem4f : Boot_sysctl.oem4f (.text:ti_catalog_arm_cortexm4_tiva_ce_Boot_sysCtlClockSetI__I)
                  00005400    000000fc     sysbios.aem4f : BIOS.obj (.text:ti_sysbios_knl_Task_postInit__I)
                  000054fc    00000004     empty_pem4f.oem4f (.text:ti_sysbios_knl_Clock_TimerProxy_getPeriod__E)
                  00005500    000000fc     sysbios.aem4f : BIOS.obj (.text:ti_sysbios_knl_Task_startCore__E)
                  000055fc    000000fc     ti.targets.arm.rtsarm.aem4f : Startup.oem4f (.text:xdc_runtime_Startup_startMods__I)
                  000056f8    000000f8     empty_pem4f.oem4f (.text:xdc_runtime_System_printfExtend__I)
                  000057f0    000000f4     sysbios.aem4f : m3_Hwi_asm.obj (.text:ti_sysbios_family_arm_m3_Hwi_dispatch__I)
                  000058e4    000000f4     empty_pem4f.oem4f (.text:ti_uia_loggers_LoggerStopMode_write4__E)
                  000059d8    000000e8     empty_pem4f.oem4f (.text:ti_uia_loggers_LoggerStopMode_write2__E)
                  00005ac0    000000e4     empty_pem4f.oem4f (.text:ti_uia_loggers_LoggerStopMode_write1__E)
                  00005ba4    000000e0     usblib.lib : usbdenum.obj (.text:USBDeviceEnumHandler)
                  00005c84    000000dc                : usbdenum.obj (.text:USBDGetDescriptor)
                  00005d60    000000dc     rtsv7M4_T_le_v4SPD16_eabi.lib : setvbuf.obj (.text)
                  00005e3c    000000d8     usblib.lib : usbdenum.obj (.text:USBDCDInit)
                  00005f14    000000d8                : usbdenum.obj (.text:USBDeviceIntHandlerInternal)
                  00005fec    00000004     empty_pem4f.oem4f (.text:ti_sysbios_knl_Queue_destruct)
                  00005ff0    000000d8     sysbios.aem4f : BIOS.obj (.text:ti_sysbios_family_arm_lm4_TimestampProvider_get32__E)
                  000060c8    000000d8     empty_pem4f.oem4f (.text:ti_uia_loggers_LoggerStopMode_write0__E)
                  000061a0    000000d0     usblib.lib : usbdcdc.obj (.text:HandleRequests)
                  00006270    000000cc     ti.targets.arm.rtsarm.aem4f : Core-smem.oem4f (.text:xdc_runtime_Core_constructObject__I)
                  0000633c    000000ca     grlib.lib : string.obj (.text:GrDefaultStringRenderer)
                  00006406    00000002     empty_pem4f.oem4f (.text:ti_sysbios_BIOS_nullFunc__I)
                  00006408    000000c8     usblib.lib : usbdma.obj (.text:USBLibDMAInit)
                  000064d0    000000c8     rtsv7M4_T_le_v4SPD16_eabi.lib : fflush.obj (.text)
                  00006598    000000c8     sysbios.aem4f : BIOS.obj (.text:ti_sysbios_knl_Task_exit__E)
                  00006660    000000c4     driverlib.lib : sysctl.obj (.text:SysCtlClockGet)
                  00006724    00000004     empty_pem4f.oem4f (.text:ti_sysbios_knl_Semaphore_destruct)
                  00006728    000000c4     sysbios.aem4f : BIOS.obj (.text:ti_sysbios_family_arm_m3_Hwi_Module_startup__E)
                  000067ec    000000c0     usblib.lib : usbdma.obj (.text:uDMAUSBChannelAllocate)
                  000068ac    00000004     ti.uia.loggers.aem4f : LoggerStopMode.oem4f (.text:ti_uia_loggers_LoggerStopMode_getContents__E)
                  000068b0    000000bc     sysbios.aem4f : BIOS.obj (.text:ti_sysbios_family_arm_m3_Hwi_excDebugMon__I)
                  0000696c    00000004     empty_pem4f.oem4f (.text:ti_uia_loggers_LoggerStopMode_getFilterLevel__E)
                  00006970    000000bc     sysbios.aem4f : BIOS.obj (.text:ti_sysbios_family_arm_m3_Hwi_excHardFault__I)
                  00006a2c    000000ba     usblib.lib : usbdma.obj (.text:uDMAUSBTransfer)
                  00006ae6    000000b8     driverlib.lib : gpio.obj (.text:GPIOPadConfigSet)
                  00006b9e    00000002     empty_pem4f.oem4f (.text:ti_uia_loggers_LoggerStopMode_setFilterLevel__E)
                  00006ba0    000000b8     sysbios.aem4f : BIOS.obj (.text:ti_sysbios_knl_Task_unblockI__E)
                  00006c58    000000b4                   : BIOS.obj (.text:ti_sysbios_gates_GateMutex_enter__E)
                  00006d0c    00000004     ti.uia.loggers.aem4f : LoggerStopMode.oem4f (.text:ti_uia_loggers_LoggerStopMode_getInstanceId__E)
                  00006d10    000000b4     sysbios.aem4f : BIOS.obj (.text:ti_sysbios_knl_Task_checkStacks__E)
                  00006dc4    00000004     ti.uia.loggers.aem4f : LoggerStopMode.oem4f (.text:ti_uia_loggers_LoggerStopMode_getMaxLength__E)
                  00006dc8    000000b0     sysbios.aem4f : BIOS.obj (.text:ti_sysbios_utils_Load_idleFxn__E)
                  00006e78    000000b0                   : BIOS.obj (.text:ti_sysbios_utils_Load_updateLoads__E)
                  00006f28    000000ac     usblib.lib : usbbuffer.obj (.text:HandleRxAvailable)
                  00006fd4    00000004     ti.uia.loggers.aem4f : LoggerStopMode.oem4f (.text:ti_uia_loggers_LoggerStopMode_getPriority__E)
                  00006fd8    000000ac     sysbios.aem4f : BIOS.obj (.text:ti_sysbios_family_arm_lm4_Timer_enableTiva__I)
                  00007084    00000004     ti.uia.loggers.aem4f : LoggerStopMode.oem4f (.text:ti_uia_loggers_LoggerStopMode_getTransferType__E)
                  00007088    000000ac     sysbios.aem4f : BIOS.obj (.text:ti_sysbios_knl_Swi_post__E)
                  00007134    00000004     ti.targets.arm.rtsarm.aem4f : Error.oem4f (.text:xdc_runtime_Error_getSite__E)
                  00007138    000000a8     sysbios.aem4f : BIOS.obj (.text:ti_sysbios_family_arm_lm4_Timer_enableTimers__I)
                  000071e0    000000a8                   : BIOS.obj (.text:ti_sysbios_knl_Task_blockI__E)
                  00007288    000000a0     USBCDCD_LoggerIdle.obj (.text:USBCDCD_init)
                  00007328    000000a0     usblib.lib : usbdcdc.obj (.text:USBDCDCCompositeInit)
                  000073c8    000000a0     auto_init.aem4f : auto_init.oem4f (.text)
                  00007468    000000a0     sysbios.aem4f : BIOS.obj (.text:ti_sysbios_family_arm_m3_Hwi_Instance_init__E)
                  00007508    0000009c     rtsv7M4_T_le_v4SPD16_eabi.lib : memcpy_t2.obj (.text)
                  000075a4    00000004     empty_pem4f.oem4f (.text:xdc_runtime_System_Module_GateProxy_enter__E)
                  000075a8    0000009c     sysbios.aem4f : BIOS.obj (.text:ti_sysbios_knl_Semaphore_Instance_init__E)
                  00007644    0000009a     ti.targets.arm.rtsarm.aem4f : Text.oem4f (.text:xdc_runtime_Text_putSite__E)
                  000076de    00000002     ti.uia.loggers.aem4f : LoggerStopMode.oem4f (.text:ti_uia_loggers_LoggerStopMode_setPriority__E)
                  000076e0    00000098     Kentec320x240x16_ssd2119_8bit.obj (.text:InitGPIOLCDInterface)
                  00007778    00000098     usblib.lib : usbdenum.obj (.text:USBDSetInterface)
                  00007810    00000098     USBCDCD_LoggerIdle.obj (.text:cbSerialHandler)
                  000078a8    00000098     empty.obj (.text:dis_array)
                  00007940    00000098     rtsv7M4_T_le_v4SPD16_eabi.lib : fclose.obj (.text)
                  000079d8    00000096     usblib.lib : usbdcdc.obj (.text:SendSerialState)
                  00007a6e    00000094                : usbdcdc.obj (.text:CDCTickHandler)
                  00007b02    00000002                : usbdma.obj (.text:uDMAUSBChannelIntDisable)
                  00007b04    00000094     Boot.aem4f : Boot.oem4f (.text:ti_catalog_arm_cortexm4_tiva_ce_Boot_sysCtlClockSet__E)
                  00007b98    00000094     sysbios.aem4f : BIOS.obj (.text:ti_sysbios_family_arm_m3_Hwi_initNVIC__E)
                  00007c2c    00000094     ti.targets.arm.rtsarm.aem4f : Text.oem4f (.text:xdc_runtime_Text_putMod__E)
                  00007cc0    00000090     Kentec320x240x16_ssd2119_8bit.obj (.text:Kentec320x240x16_SSD2119LineDrawH)
                  00007d50    00000090     Kentec320x240x16_ssd2119_8bit.obj (.text:Kentec320x240x16_SSD2119LineDrawV)
                  00007de0    00000090     usblib.lib : usbbuffer.obj (.text:ScheduleNextTransmission)
                  00007e70    00000090     sysbios.aem4f : BIOS.obj (.text:ti_sysbios_knl_Task_Module_startup__E)
                  00007f00    00000090     ti.uia.loggers.aem4f : LoggerStopMode.oem4f (.text:ti_uia_loggers_LoggerStopMode_initQueueDescriptor__E)
                  00007f90    0000008c     UARTUtils.obj (.text:UARTUtils_systemInit)
                  0000801c    0000008c     usblib.lib : usbdenum.obj (.text:USBDSetConfiguration)
                  000080a8    0000008c                : usbdconfig.obj (.text:USBDeviceConfigAlternate)
                  00008134    0000008c     sysbios.aem4f : m3_TaskSupport_asm.obj (.text:ti_sysbios_family_arm_m3_TaskSupport_buildTaskStack)
                  000081c0    00000088     EK_TM4C123GXL.obj (.text:EK_TM4C123GXL_initGPIO)
                  00008248    00000088     sysbios.aem4f : BIOS.obj (.text:ti_sysbios_knl_Mailbox_Module_startup__E)
                  000082d0    00000086     grlib.lib : rectangle.obj (.text:GrRectFill)
                  00008356    00000002     usblib.lib : usbdma.obj (.text:uDMAUSBChannelIntEnable)
                  00008358    00000080     sysbios.aem4f : BIOS.obj (.text:ti_sysbios_utils_Load_updateCurrentThreadTime__E)
                  000083d8    00000080     driverlib.lib : udma.obj (.text:uDMAChannelTransferSet)
                  00008458    0000007c     Kentec320x240x16_ssd2119_8bit.obj (.text:WriteCommandGPIO)
                  000084d4    0000007c     2048.obj (.text:fillBox)
                  00008550    0000007a     driverlib.lib : usb.obj (.text:USBDevEndpointConfigSet)
                  000085ca    0000007a     rtsv7M4_T_le_v4SPD16_eabi.lib : memset_t2.obj (.text)
                  00008644    0000007a     drivers_tivaware.aem4f : UARTTiva.oem4f (.text:writeData)
                  000086be    00000002     empty_pem4f.oem4f (.text:xdc_runtime_Startup_reset__I)
                  000086c0    00000078     empty.obj (.text:TimerTaskFxn)
                  00008738    00000078     usblib.lib : usbdenum.obj (.text:USBDClearFeature)
                  000087b0    00000076                : usbdcdc.obj (.text:HandleDevice)
                  00008826    00000002     --HOLE-- [fill = 0]
                  00008828    00000074     Kentec320x240x16_ssd2119_8bit.obj (.text:WriteDataGPIO)
                  0000889c    00000004     empty_pem4f.oem4f (.text:xdc_runtime_System_Module_GateProxy_leave__E)
                  000088a0    00000074     sysbios.aem4f : BIOS.obj (.text:ti_sysbios_family_arm_m3_Hwi_postInit__I)
                  00008914    00000072     usblib.lib : usbdma.obj (.text:uDMAUSBArbSizeSet)
                  00008986    00000070     driverlib.lib : adc.obj (.text:ADCSequenceStepConfigure)
                  000089f6    00000002     --HOLE-- [fill = 0]
                  000089f8    00000070     usblib.lib : usbdenum.obj (.text:USBDEP0StateTx)
                  00008a68    00000070                : usbdenum.obj (.text:USBDGetStatus)
                  00008ad8    00000070     sysbios.aem4f : BIOS.obj (.text:ti_sysbios_knl_Mailbox_Instance_finalize__E)
                  00008b48    00000070     ti.uia.runtime.aem4f : QueueDescriptor.oem4f (.text:ti_uia_runtime_QueueDescriptor_addToList__E)
                  00008bb8    00000070     usblib.lib : usbdma.obj (.text:uDMAUSBUnitSizeSet)
                  00008c28    00000070     ti.targets.arm.rtsarm.aem4f : Memory.oem4f (.text:xdc_runtime_Memory_alloc__E)
                  00008c98    0000006e     usblib.lib : usbdcdc.obj (.text:ProcessDataFromHost)
                  00008d06    0000006c     drivers_tivaware.aem4f : UARTTiva.oem4f (.text:UARTTiva_read)
                  00008d72    0000006c                            : UARTTiva.oem4f (.text:UARTTiva_write)
                  00008dde    00000002     --HOLE-- [fill = 0]
                  00008de0    0000006c     2048.obj (.text:isFull)
                  00008e4c    0000006c     empty_pem4f.oem4f (.text:ti_sysbios_family_arm_m3_Hwi_Object__create__S)
                  00008eb8    0000006c     sysbios.aem4f : BIOS.obj (.text:ti_sysbios_utils_Load_taskCreateHook__E)
                  00008f24    0000006c     ti.targets.arm.rtsarm.aem4f : Error.oem4f (.text:xdc_runtime_Error_print__E)
                  00008f90    0000006a     grlib.lib : string.obj (.text:GrStringWidthGet)
                  00008ffa    0000006a     rtsv7M4_T_le_v4SPD16_eabi.lib : copy_decompress_rle.obj (.text)
                  00009064    00000068                                   : trgmsg.obj (.text)
                  000090cc    00000004     ti.targets.arm.rtsarm.aem4f : System.oem4f (.text:xdc_runtime_System_aprintf_va__F)
                  000090d0    00000068     sysbios.aem4f : BIOS.obj (.text:ti_sysbios_utils_Load_addTask__E)
                  00009138    00000066     drivers_tivaware.aem4f : UARTTiva.oem4f (.text:UARTTiva_readPolling)
                  0000919e    00000066     ti.targets.arm.rtsarm.aem4f : Core-mem.oem4f (.text:xdc_runtime_Core_deleteObject__I)
                  00009204    00000064     grlib.lib : context.obj (.text:GrContextInit)
                  00009268    00000064     driverlib.lib : interrupt.obj (.text:IntIsEnabled)
                  000092cc    00000064     Kentec320x240x16_ssd2119_8bit.obj (.text:Kentec320x240x16_SSD2119PixelDraw)
                  00009330    00000064     usblib.lib : usbdenum.obj (.text:USBDSetFeature)
                  00009394    00000004     ti.targets.arm.rtsarm.aem4f : System.oem4f (.text:xdc_runtime_System_printf_va__F)
                  00009398    00000064     sysbios.aem4f : BIOS.obj (.text:ti_sysbios_family_arm_lm4_Timer_Module_startup__E)
                  000093fc    00000064     empty_pem4f.oem4f (.text:ti_sysbios_hal_Hwi_create)
                  00009460    00000064     empty_pem4f.oem4f (.text:ti_sysbios_knl_Mailbox_create)
                  000094c4    00000064     usblib.lib : usbdma.obj (.text:uDMAUSBChannelEnable)
                  00009528    00000062     drivers_tivaware.aem4f : UARTTiva.oem4f (.text:UARTTiva_hwiIntFxn)
                  0000958a    00000062                            : UARTTiva.oem4f (.text:readData)
                  000095ec    00000062     ti.uia.loggers.aem4f : LoggerStopMode.oem4f (.text:ti_uia_loggers_LoggerStopMode_flush__E)
                  0000964e    00000002     --HOLE-- [fill = 0]
                  00009650    00000060     empty.obj (.text:Bounder_set)
                  000096b0    00000060     driverlib.lib : interrupt.obj (.text:IntDisable)
                  00009710    00000060                   : interrupt.obj (.text:IntEnable)
                  00009770    00000060     empty.obj (.text:TimerTaskDo)
                  000097d0    00000060     usblib.lib : usbbuffer.obj (.text:USBBufferEventCallback)
                  00009830    00000060                : usbdenum.obj (.text:USBDReadAndDispatchRequest)
                  00009890    00000060     sysbios.aem4f : BIOS.obj (.text:ti_sysbios_family_arm_lm4_Timer_isrStub__E)
                  000098f0    00000060                   : BIOS.obj (.text:ti_sysbios_knl_Clock_logTick__E)
                  00009950    00000060                   : BIOS.obj (.text:ti_sysbios_utils_Load_logCPULoad__I)
                  000099b0    00000060     ti.targets.arm.rtsarm.aem4f : System.oem4f (.text:xdc_runtime_System_formatNum__I)
                  00009a10    0000005e     driverlib.lib : usb.obj (.text:USBDevEndpointStatusClear)
                  00009a6e    0000005c     grlib.lib : string.obj (.text:FontWideGlyphDataGet)
                  00009aca    0000005c     usblib.lib : usbdcdc.obj (.text:ProcessDataToHost)
                  00009b26    00000002     --HOLE-- [fill = 0]
                  00009b28    0000005c                : usbdenum.obj (.text:USBDStringIndexFromRequest)
                  00009b84    00000004     --HOLE-- [fill = 0]
                  00009b88    0000005c     sysbios.aem4f : BIOS.obj (.text:ti_sysbios_knl_Swi_restoreHwi__E)
                  00009be4    00000004     --HOLE-- [fill = 0]
                  00009be8    0000005c                   : BIOS.obj (.text:ti_sysbios_knl_Swi_schedule__I)
                  00009c44    0000005b     ti.targets.arm.rtsarm.aem4f : Text.oem4f (.text:xdc_runtime_Text_putLab__E)
                  00009c9f    00000001     --HOLE-- [fill = 0]
                  00009ca0    00000058     boot.aem4f : boot.oem4f (.text)
                  00009cf8    00000058     empty_pem4f.oem4f (.text:ti_sysbios_family_arm_m3_Hwi_construct)
                  00009d50    00000058     sysbios.aem4f : m3_Hwi_asm_switch.obj (.text:ti_sysbios_family_arm_m3_Hwi_initStacks__E)
                  00009da8    00000058     ustdlib.obj (.text:ustrncpy)
                  00009e00    00000056     driverlib.lib : gpio.obj (.text:GPIOIntTypeSet)
                  00009e56    00000056     usblib.lib : usbdcdc.obj (.text:USBDCDCPacketWrite)
                  00009eac    00000004     --HOLE-- [fill = 0]
                  00009eb0    00000054     sysbios.aem4f : BIOS.obj (.text:ti_sysbios_utils_Load_taskSwitchHook__E)
                  00009f04    00000054     usblib.lib : usbdma.obj (.text:uDMAUSBChannelRelease)
                  00009f58    00000050     driverlib.lib : sysctl.obj (.text:SysCtlPeripheralReset)
                  00009fa8    00000050     empty.obj (.text:TouchTestCallback)
                  00009ff8    00000050     usblib.lib : usbdcdesc.obj (.text:USBDCDConfigDescGet)
                  0000a048    00000050                : usbdenum.obj (.text:USBDeviceResumeTickHandler)
                  0000a098    00000050     ti.targets.arm.rtsarm.aem4f : Startup.oem4f (.text:xdc_runtime_Startup_exec__E)
                  0000a0e8    00000050                                 : Text.oem4f (.text:xdc_runtime_Text_visitRope2__I)
                  0000a138    0000004e     driverlib.lib : usb.obj (.text:USBDevEndpointStallClear)
                  0000a186    0000004c     usblib.lib : usbdcdesc.obj (.text:ConfigAlternateInterfaceGet)
                  0000a1d2    0000004c                : usbdconfig.obj (.text:GetEPDescriptorType)
                  0000a21e    0000004c                : usbdcdc.obj (.text:HandleEndpoints)
                  0000a26a    00000002     --HOLE-- [fill = 0]
                  0000a26c    0000004c                : usbdcdc.obj (.text:USBDCDCInit)
                  0000a2b8    0000004c     driverlib.lib : usb.obj (.text:USBEndpointDMAConfigSet)
                  0000a304    0000004c     rtsv7M4_T_le_v4SPD16_eabi.lib : cpy_tbl.obj (.text)
                  0000a350    0000004c                                   : rand.obj (.text)
                  0000a39c    00000004     --HOLE-- [fill = 0]
                  0000a3a0    0000004c     sysbios.aem4f : BIOS.obj (.text:ti_sysbios_heaps_HeapMem_getStats__E)
                  0000a3ec    00000004     --HOLE-- [fill = 0]
                  0000a3f0    0000004c                   : BIOS.obj (.text:ti_sysbios_knl_Swi_runLoop__I)
                  0000a43c    00000004     --HOLE-- [fill = 0]
                  0000a440    0000004c                   : BIOS.obj (.text:ti_sysbios_knl_Task_allBlockedFunction__I)
                  0000a48c    0000004c     ti.uia.loggers.aem4f : LoggerStopMode.oem4f (.text:ti_uia_loggers_LoggerStopMode_Module_startup__E)
                  0000a4d8    0000004a     grlib.lib : string.obj (.text:UpdateContextCharMapping)
                  0000a522    0000004a     usblib.lib : usbdma.obj (.text:uDMAUSBChannelDisable)
                  0000a56c    00000048     EK_TM4C123GXL.obj (.text:EK_TM4C123GXL_initUSB)
                  0000a5b4    00000048     driverlib.lib : gpio.obj (.text:GPIOPinConfigure)
                  0000a5fc    00000048     drivers_tivaware.aem4f : GPIOTiva.oem4f (.text:GPIO_enableInt)
                  0000a644    00000048                            : GPIOTiva.oem4f (.text:GPIO_setupCallbacks)
                  0000a68c    00000004     --HOLE-- [fill = 0]
                  0000a690    00000048     sysbios.aem4f : BIOS.obj (.text:ti_sysbios_family_arm_m3_Hwi_disableInterrupt__E)
                  0000a6d8    00000048                   : BIOS.obj (.text:ti_sysbios_family_arm_m3_Hwi_enableInterrupt__E)
                  0000a720    00000048                   : BIOS.obj (.text:ti_sysbios_family_arm_m3_Hwi_excReserved__I)
                  0000a768    00000048                   : BIOS.obj (.text:ti_sysbios_utils_Load_taskDeleteHook__E)
                  0000a7b0    00000048     ti.uia.loggers.aem4f : LoggerStopMode.oem4f (.text:ti_uia_loggers_LoggerStopMode_initBuffer__I)
                  0000a7f8    00000048     driverlib.lib : udma.obj (.text:uDMAChannelAttributeDisable)
                  0000a840    00000048     ti.targets.arm.rtsarm.aem4f : Assert.oem4f (.text:xdc_runtime_Assert_raise__I)
                  0000a888    00000046     usblib.lib : usbdcdc.obj (.text:HandleEP0Data)
                  0000a8ce    00000046     ti.targets.arm.rtsarm.aem4f : Core-params.oem4f (.text:xdc_runtime_Core_assignParams__I)
                  0000a914    00000044     usblib.lib : usbdenum.obj (.text:USBDeviceEnumResetHandler)
                  0000a958    00000044     driverlib.lib : usb.obj (.text:USBEndpointDataGet)
                  0000a99c    00000044     rtsv7M4_T_le_v4SPD16_eabi.lib : exit.obj (.text)
                  0000a9e0    00000044     sysbios.aem4f : BIOS.obj (.text:ti_sysbios_family_arm_lm4_Timer_stop__E)
                  0000aa24    00000004     --HOLE-- [fill = 0]
                  0000aa28    00000044                   : BIOS.obj (.text:ti_sysbios_family_arm_m3_Hwi_getStackInfo__E)
                  0000aa6c    00000004     --HOLE-- [fill = 0]
                  0000aa70    00000044                   : BIOS.obj (.text:ti_sysbios_knl_Mailbox_postInit__I)
                  0000aab4    00000004     --HOLE-- [fill = 0]
                  0000aab8    00000044                   : BIOS.obj (.text:ti_sysbios_utils_Load_removeTask__E)
                  0000aafc    00000044     ti.targets.arm.rtsarm.aem4f : Error.oem4f (.text:xdc_runtime_Error_setX__E)
                  0000ab40    00000044                                 : SysMin.oem4f (.text:xdc_runtime_SysMin_flush__E)
                  0000ab84    00000042     driverlib.lib : uart.obj (.text:UARTConfigSetExpClk)
                  0000abc6    00000002     --HOLE-- [fill = 0]
                  0000abc8    00000040     EK_TM4C123GXL.obj (.text:EK_TM4C123GXL_initGeneral)
                  0000ac08    00000040     drivers_tivaware.aem4f : UARTTiva.oem4f (.text:UARTTiva_writePolling)
                  0000ac48    00000040     usblib.lib : usbdenum.obj (.text:USBDGetInterface)
                  0000ac88    00000040     rtsv7M4_T_le_v4SPD16_eabi.lib : u_divt2.obj (.text)
                  0000acc8    00000040     sysbios.aem4f : BIOS.obj (.text:ti_sysbios_family_arm_lm4_Timer_startup__E)
                  0000ad08    0000003c                   : BIOS.obj (.text:ti_sysbios_family_arm_m3_Hwi_excSvCall__I)
                  0000ad44    00000004     --HOLE-- [fill = 0]
                  0000ad48    0000003c                   : BIOS.obj (.text:ti_sysbios_family_arm_m3_TaskSupport_start__E)
                  0000ad84    00000004     --HOLE-- [fill = 0]
                  0000ad88    0000003c                   : BIOS.obj (.text:ti_sysbios_heaps_HeapMem_init__I)
                  0000adc4    00000004     --HOLE-- [fill = 0]
                  0000adc8    0000003c                   : BIOS.obj (.text:ti_sysbios_knl_Swi_startup__E)
                  0000ae04    0000003c     ti.targets.arm.rtsarm.aem4f : Text.oem4f (.text:xdc_runtime_Text_xprintf__I)
                  0000ae40    0000003a     grlib.lib : string.obj (.text:FontGlyphDataGet)
                  0000ae7a    0000003a     usblib.lib : usbdcdesc.obj (.text:USBDCDConfigGetInterfaceEndpoint)
                  0000aeb4    0000003a     driverlib.lib : usb.obj (.text:USBFIFOConfigSet)
                  0000aeee    00000002     --HOLE-- [fill = 0]
                  0000aef0    00000038     drivers_tivaware.aem4f : UART.oem4f (.text:UART_init)
                  0000af28    00000038     driverlib.lib : usb.obj (.text:USBIntStatusControl)
                  0000af60    00000038     sysbios.aem4f : BIOS.obj (.text:ti_sysbios_family_arm_m3_Hwi_excNoIsr__I)
                  0000af98    00000038                   : BIOS.obj (.text:ti_sysbios_knl_Task_processVitalTaskFlag__I)
                  0000afd0    00000038     ti.targets.arm.rtsarm.aem4f : SysMin.oem4f (.text:xdc_runtime_SysMin_putch__E)
                  0000b008    00000038                                 : System.oem4f (.text:xdc_runtime_System_atexit__E)
                  0000b040    00000036     usblib.lib : usbdcdc.obj (.text:SendBreak)
                  0000b076    00000036                : usbringbuf.obj (.text:USBRingBufAdvanceWrite)
                  0000b0ac    00000034                : usbtick.obj (.text:InternalUSBStartOfFrameTick)
                  0000b0e0    00000034     driverlib.lib : sysctl.obj (.text:SysCtlPeripheralDisable)
                  0000b114    00000034                   : sysctl.obj (.text:SysCtlPeripheralEnable)
                  0000b148    00000034     drivers_tivaware.aem4f : UARTTiva.oem4f (.text:UARTTiva_close)
                  0000b17c    00000034     UARTUtils.obj (.text:UARTUtils_deviceread)
                  0000b1b0    00000034     UARTUtils.obj (.text:UARTUtils_devicewrite)
                  0000b1e4    00000034     UARTUtils.obj (.text:closeHandle)
                  0000b218    00000034     empty.obj (.text:gpioButtonFxn0)
                  0000b24c    00000034     empty.obj (.text:gpioButtonFxn1)
                  0000b280    00000034     sysbios.aem4f : BIOS.obj (.text:ti_sysbios_family_arm_m3_Hwi_excNmi__I)
                  0000b2b4    00000004     --HOLE-- [fill = 0]
                  0000b2b8    00000034                   : BIOS.obj (.text:ti_sysbios_hal_Hwi_checkStack)
                  0000b2ec    00000034     ti.uia.loggers.aem4f : LoggerStopMode.oem4f (.text:ti_uia_loggers_LoggerStopMode_reset__E)
                  0000b320    00000034     ti.targets.arm.rtsarm.aem4f : Core-label.oem4f (.text:xdc_runtime_Core_assignLabel__I)
                  0000b354    00000033                                 : Text.oem4f (.text:xdc_runtime_Text_printVisFxn__I)
                  0000b387    00000001     --HOLE-- [fill = 0]
                  0000b388    00000032     usblib.lib : usbdcdc.obj (.text:HandleConfigChange)
                  0000b3ba    00000032                : usbdcdesc.obj (.text:NextConfigDescGet)
                  0000b3ec    00000032                : usbdcdc.obj (.text:ProcessNotificationToHost)
                  0000b41e    00000032     drivers_tivaware.aem4f : UARTTiva.oem4f (.text:UARTTiva_readCancel)
                  0000b450    00000032                            : UARTTiva.oem4f (.text:UARTTiva_writeCancel)
                  0000b482    00000032     driverlib.lib : usb.obj (.text:USBDevEndpointStall)
                  0000b4b4    00000004     --HOLE-- [fill = 0]
                  0000b4b8    00000032     sysbios.aem4f : BIOS.obj (.text:ti_sysbios_hal_Hwi_initStack)
                  0000b4ea    00000006     driverlib.lib : gpio.obj (.text:GPIOIntClear)
                  0000b4f0    00000032     sysbios.aem4f : BIOS.obj (.text:ti_sysbios_knl_Semaphore_pendTimeout__I)
                  0000b522    00000032     ustdlib.obj (.text:usprintf)
                  0000b554    00000030     usblib.lib : usbdma.obj (.text:DMAUSBIntHandler)
                  0000b584    00000030                : usbtick.obj (.text:InternalUSBTickInit)
                  0000b5b4    00000030                : usbdenum.obj (.text:USBDGetConfiguration)
                  0000b5e4    00000030     driverlib.lib : usb.obj (.text:USBEndpointDataPut)
                  0000b614    00000030     rtsv7M4_T_le_v4SPD16_eabi.lib : strncpy.obj (.text)
                  0000b644    00000030     empty_pem4f.oem4f (.text:ti_sysbios_BIOS_atExitFunc__I)
                  0000b674    00000030     empty_pem4f.oem4f (.text:ti_sysbios_gates_GateHwi_Object__create__S)
                  0000b6a4    00000030     empty_pem4f.oem4f (.text:ti_sysbios_gates_GateMutex_Object__create__S)
                  0000b6d4    00000030     empty_pem4f.oem4f (.text:ti_sysbios_heaps_HeapMem_Object__create__S)
                  0000b704    00000030     empty_pem4f.oem4f (.text:ti_sysbios_knl_Semaphore_construct)
                  0000b734    00000030     empty_pem4f.oem4f (.text:ti_uia_loggers_LoggerStopMode_Object__create__S)
                  0000b764    00000030     ti.targets.arm.rtsarm.aem4f : SysMin.oem4f (.text:xdc_runtime_SysMin_abort__E)
                  0000b794    00000030                                 : System.oem4f (.text:xdc_runtime_System_processAtExit__E)
                  0000b7c4    0000002e     UARTUtils.obj (.text:UARTUtils_deviceopen)
                  0000b7f2    0000002e     driverlib.lib : usb.obj (.text:USBEndpointDataSend)
                  0000b820    0000002e     empty_pem4f.oem4f (.text:malloc)
                  0000b84e    0000002c     driverlib.lib : adc.obj (.text:ADCSequenceConfigure)
                  0000b87a    00000002     --HOLE-- [fill = 0]
                  0000b87c    0000002c     EK_TM4C123GXL.obj (.text:EK_TM4C123GXL_initUART)
                  0000b8a8    0000002c     usblib.lib : usbdesc.obj (.text:USBDescGet)
                  0000b8d4    0000002c     empty_pem4f.oem4f (.text:ti_sysbios_knl_Clock_doTick__I)
                  0000b900    0000002c     empty_pem4f.oem4f (.text:ti_sysbios_knl_Queue_construct)
                  0000b92c    00000004     --HOLE-- [fill = 0]
                  0000b930    0000002c     sysbios.aem4f : BIOS.obj (.text:ti_sysbios_knl_Task_restore__E)
                  0000b95c    0000002c     usblib.lib : usbdma.obj (.text:uDMAUSBIntStatus)
                  0000b988    0000002c     ti.targets.arm.rtsarm.aem4f : Text.oem4f (.text:xdc_runtime_Text_cordText__E)
                  0000b9b4    0000002a     driverlib.lib : gpio.obj (.text:GPIODirModeSet)
                  0000b9de    0000002a     drivers_tivaware.aem4f : GPIOTiva.oem4f (.text:GPIO_hwiIntFxn)
                  0000ba08    0000002a     grlib.lib : string.obj (.text:GrFontBaselineGet)
                  0000ba32    0000002a               : string.obj (.text:GrStringNextCharGet)
                  0000ba5c    0000002a     usblib.lib : usbdcdesc.obj (.text:USBDCDConfigDescGetNum)
                  0000ba86    0000002a     ti.targets.arm.rtsarm.aem4f : System.oem4f (.text:xdc_runtime_System_putchar__I)
                  0000bab0    00000028     drivers_tivaware.aem4f : GPIOTiva.oem4f (.text:GPIO_write)
                  0000bad8    00000028     usblib.lib : usbtick.obj (.text:InternalUSBRegisterTickHandler)
                  0000bb00    00000028     Kentec320x240x16_ssd2119_8bit.obj (.text:Kentec320x240x16_SSD2119ColorTranslate)
                  0000bb28    00000028     Kentec320x240x16_ssd2119_8bit.obj (.text:LED_OFF)
                  0000bb50    00000028     driverlib.lib : timer.obj (.text:TimerConfigure)
                  0000bb78    00000028     usblib.lib : usbdesc.obj (.text:USBDescGetNum)
                  0000bba0    00000028     driverlib.lib : usb.obj (.text:USBIntEnableControl)
                  0000bbc8    00000028     usblib.lib : usbringbuf.obj (.text:UpdateIndexAtomic)
                  0000bbf0    00000028     sysbios.aem4f : BIOS.obj (.text:ti_sysbios_family_arm_m3_Hwi_Instance_finalize__E)
                  0000bc18    00000028                   : BIOS.obj (.text:ti_sysbios_hal_Hwi_Instance_init__E)
                  0000bc40    00000028                   : BIOS.obj (.text:ti_sysbios_knl_Swi_Module_startup__E)
                  0000bc68    00000028     driverlib.lib : udma.obj (.text:uDMAChannelModeGet)
                  0000bc90    00000026     grlib.lib : string.obj (.text:GrFontInfoGet)
                  0000bcb6    00000026     sysbios.aem4f : m3_Hwi_asm.obj (.text:ti_sysbios_family_arm_m3_Hwi_pendSV__I)
                  0000bcdc    00000026     ti.targets.arm.rtsarm.aem4f : System.oem4f (.text:xdc_runtime_System_avprintf__E)
                  0000bd02    00000002     --HOLE-- [fill = 0]
                  0000bd04    00000024     drivers_tivaware.aem4f : GPIOTiva.oem4f (.text:GPIO_init)
                  0000bd28    00000024     usblib.lib : usbbuffer.obj (.text:HandleRequestBuffer)
                  0000bd4c    00000024     empty.obj (.text:LCD_init)
                  0000bd70    00000024     usblib.lib : usbdenum.obj (.text:USBDCDDeviceInfoInit)
                  0000bd94    00000024                : usbdenum.obj (.text:USBDSetAddress)
                  0000bdb8    00000024     driverlib.lib : usb.obj (.text:USBDevEndpointDataAck)
                  0000bddc    00000024                   : usb.obj (.text:USBEndpointDMADisable)
                  0000be00    00000024                   : usb.obj (.text:USBEndpointDMAEnable)
                  0000be24    00000024     empty_pem4f.oem4f (.text:ti_sysbios_BIOS_errorRaiseHook__I)
                  0000be48    00000024     empty_pem4f.oem4f (.text:ti_sysbios_BIOS_registerRTSLock__I)
                  0000be6c    00000024     empty_pem4f.oem4f (.text:ti_sysbios_BIOS_removeRTSLock__I)
                  0000be90    00000024     empty_pem4f.oem4f (.text:ti_sysbios_BIOS_startFunc__I)
                  0000beb4    00000004     --HOLE-- [fill = 0]
                  0000beb8    00000024     sysbios.aem4f : BIOS.obj (.text:ti_sysbios_family_arm_m3_Hwi_doTaskRestore__I)
                  0000bedc    00000024     empty_pem4f.oem4f (.text:ti_sysbios_gates_GateMutex_Object__delete__S)
                  0000bf00    00000024     sysbios.aem4f : BIOS.obj (.text:ti_sysbios_knl_Clock_Module_startup__E)
                  0000bf24    00000024     driverlib.lib : udma.obj (.text:uDMAChannelControlSet)
                  0000bf48    00000024     ti.targets.arm.rtsarm.aem4f : System.oem4f (.text:xdc_runtime_System_vprintf__E)
                  0000bf6c    00000022     grlib.lib : string.obj (.text:GrFontGlyphDataGet)
                  0000bf8e    00000022     usblib.lib : usbdcdc.obj (.text:HandleDisconnect)
                  0000bfb0    00000022                : usbdcdc.obj (.text:SendLineCodingChange)
                  0000bfd2    00000022                : usbdcdc.obj (.text:SendLineStateChange)
                  0000bff4    00000004     --HOLE-- [fill = 0]
                  0000bff8    00000022     sysbios.aem4f : BIOS.obj (.text:ti_sysbios_family_arm_lm4_Timer_write__I)
                  0000c01a    00000022     usblib.lib : usbdma.obj (.text:uDMAUSBChannelStatus)
                  0000c03c    00000022     empty_pem4f.oem4f (.text:xdc_runtime_SysMin_output__I)
                  0000c05e    00000020     usblib.lib : usbdconfig.obj (.text:GetEndpointFIFOSize)
                  0000c07e    00000002     --HOLE-- [fill = 0]
                  0000c080    00000020                : usbmode.obj (.text:USBStackModeSet)
                  0000c0a0    00000020     empty_pem4f.oem4f (.text:ti_sysbios_BIOS_rtsLock__I)
                  0000c0c0    00000020     empty_pem4f.oem4f (.text:ti_sysbios_family_arm_m3_Hwi_Object__delete__S)
                  0000c0e0    00000020     sysbios.aem4f : m3_Hwi_asm.obj (.text:ti_sysbios_family_arm_m3_Hwi_excHandlerAsm__I)
                  0000c100    00000020                   : BIOS.obj (.text:ti_sysbios_family_arm_m3_Hwi_excHandler__I)
                  0000c120    00000020     empty_pem4f.oem4f (.text:ti_sysbios_gates_GateHwi_Object__delete__S)
                  0000c140    00000020     empty_pem4f.oem4f (.text:ti_sysbios_heaps_HeapMem_Object__delete__S)
                  0000c160    00000020     sysbios.aem4f : BIOS.obj (.text:ti_sysbios_knl_Idle_run__E)
                  0000c180    00000020     empty_pem4f.oem4f (.text:ti_sysbios_knl_Semaphore_Object__destruct__S)
                  0000c1a0    00000020     empty_pem4f.oem4f (.text:ti_uia_loggers_LoggerStopMode_Object__delete__S)
                  0000c1c0    00000020     ti.targets.arm.rtsarm.aem4f : Registry.oem4f (.text:xdc_runtime_Registry_findById__E)
                  0000c1e0    00000020                                 : SysMin.oem4f (.text:xdc_runtime_SysMin_Module_startup__E)
                  0000c200    0000001e     usblib.lib : usbdcdc.obj (.text:CheckAndSendBreak)
                  0000c21e    0000001e     grlib.lib : string.obj (.text:GrFontCodepageGet)
                  0000c23c    0000001e     usblib.lib : usbbuffer.obj (.text:HandleDataRemaining)
                  0000c25a    0000001e                : usbringbuf.obj (.text:USBRingBufAdvanceRead)
                  0000c278    0000001e     sysbios.aem4f : m3_Hwi_asm_switch.obj (.text:ti_sysbios_family_xxx_Hwi_switchAndRunFunc)
                  0000c296    0000001c     usblib.lib : usbdcdc.obj (.text:SetDeferredOpFlag)
                  0000c2b2    00000002     --HOLE-- [fill = 0]
                  0000c2b4    0000001c     driverlib.lib : uart.obj (.text:UARTDisable)
                  0000c2d0    0000001c     usblib.lib : usbdcdesc.obj (.text:USBDCDConfigGetInterface)
                  0000c2ec    0000001c                : usbdenum.obj (.text:USBDCDStallEP0)
                  0000c308    0000001c     driverlib.lib : usb.obj (.text:USBEndpointDataAvail)
                  0000c324    0000001c     usblib.lib : usbringbuf.obj (.text:USBRingBufContigFree)
                  0000c340    0000001c     empty_pem4f.oem4f (.text:ti_sysbios_family_arm_m3_Hwi_Object__destruct__S)
                  0000c35c    00000004     --HOLE-- [fill = 0]
                  0000c360    0000001c     sysbios.aem4f : BIOS.obj (.text:ti_sysbios_gates_GateMutex_Instance_init__E)
                  0000c37c    0000001c     empty_pem4f.oem4f (.text:ti_sysbios_hal_Hwi_HwiProxy_create)
                  0000c398    0000001c     empty_pem4f.oem4f (.text:ti_sysbios_knl_Queue_Object__destruct__S)
                  0000c3b4    00000004     --HOLE-- [fill = 0]
                  0000c3b8    0000001c     sysbios.aem4f : BIOS.obj (.text:ti_sysbios_knl_Queue_get__E)
                  0000c3d4    00000004     --HOLE-- [fill = 0]
                  0000c3d8    0000001c                   : BIOS.obj (.text:ti_sysbios_knl_Queue_put__E)
                  0000c3f4    00000004     --HOLE-- [fill = 0]
                  0000c3f8    0000001c                   : BIOS.obj (.text:ti_sysbios_knl_Task_enter__I)
                  0000c414    0000001c     ti.targets.arm.rtsarm.aem4f : Error.oem4f (.text:xdc_runtime_Error_raiseX__E)
                  0000c430    0000001c                                 : Memory.oem4f (.text:xdc_runtime_Memory_valloc__E)
                  0000c44c    0000001c                                 : SysMin.oem4f (.text:xdc_runtime_SysMin_exit__E)
                  0000c468    0000001c                                 : System.oem4f (.text:xdc_runtime_System_abort__E)
                  0000c484    0000001a     usblib.lib : usbdcdc.obj (.text:DeviceConsumedAllData)
                  0000c49e    0000001a     driverlib.lib : usb.obj (.text:USBEndpointDMAChannel)
                  0000c4b8    0000001a     usblib.lib : usbringbuf.obj (.text:USBRingBufWrite)
                  0000c4d2    0000001a     empty_pem4f.oem4f (.text:ti_sysbios_family_arm_m3_Hwi_Handle__label__S)
                  0000c4ec    0000001a     empty_pem4f.oem4f (.text:ti_sysbios_gates_GateHwi_Handle__label__S)
                  0000c506    0000001a     empty_pem4f.oem4f (.text:ti_sysbios_gates_GateMutex_Handle__label__S)
                  0000c520    0000001a     empty_pem4f.oem4f (.text:ti_sysbios_heaps_HeapMem_Handle__label__S)
                  0000c53a    0000001a     empty_pem4f.oem4f (.text:ti_sysbios_knl_Swi_Handle__label__S)
                  0000c554    0000001a     empty_pem4f.oem4f (.text:ti_sysbios_knl_Task_Handle__label__S)
                  0000c56e    0000001a     empty_pem4f.oem4f (.text:ti_uia_loggers_LoggerStopMode_Handle__label__S)
                  0000c588    0000001a     ti.uia.loggers.aem4f : LoggerStopMode.oem4f (.text:ti_uia_loggers_LoggerStopMode_Instance_init__E)
                  0000c5a2    0000001a     empty_pem4f.oem4f (.text:xdc_runtime_System_aprintf__E)
                  0000c5bc    0000001a     empty_pem4f.oem4f (.text:xdc_runtime_System_printf__E)
                  0000c5d6    00000018     driverlib.lib : timer.obj (.text:TimerControlTrigger)
                  0000c5ee    00000018     UARTUtils.obj (.text:UARTUtils_deviceclose)
                  0000c606    00000002     --HOLE-- [fill = 0]
                  0000c608    00000018     drivers_tivaware.aem4f : UART.oem4f (.text:UART_Params_init)
                  0000c620    00000018                            : UART.oem4f (.text:UART_open)
                  0000c638    00000018     usblib.lib : usbdhandler.obj (.text:USB0DeviceIntHandler)
                  0000c650    00000018                : usbdcdesc.obj (.text:USBDCDConfigDescGetSize)
                  0000c668    00000018                : usbdenum.obj (.text:USBDSetDescriptor)
                  0000c680    00000018                : usbdenum.obj (.text:USBDSyncFrame)
                  0000c698    00000018     empty_pem4f.oem4f (.text:free)
                  0000c6b0    00000018     rtsv7M4_T_le_v4SPD16_eabi.lib : args_main.obj (.text)
                  0000c6c8    00000018                                   : strcmp.obj (.text)
                  0000c6e0    00000018     empty_pem4f.oem4f (.text:ti_sysbios_BIOS_rtsUnlock__I)
                  0000c6f8    00000018     empty_pem4f.oem4f (.text:ti_sysbios_family_arm_lm4_Timer_Module__startupDone__F)
                  0000c710    00000018     empty_pem4f.oem4f (.text:ti_sysbios_family_arm_m3_Hwi_Module__startupDone__F)
                  0000c728    00000018     sysbios.aem4f : m3_TaskSupport_asm.obj (.text:ti_sysbios_family_arm_m3_TaskSupport_swap__E)
                  0000c740    00000018                   : BIOS.obj (.text:ti_sysbios_gates_GateMutex_leave__E)
                  0000c758    00000018     driverlib.lib : udma.obj (.text:uDMAChannelDisable)
                  0000c770    00000018                   : udma.obj (.text:uDMAChannelEnable)
                  0000c788    00000018     ti.targets.arm.rtsarm.aem4f : Error.oem4f (.text:xdc_runtime_Error_check__E)
                  0000c7a0    00000018                                 : System.oem4f (.text:xdc_runtime_System_exit__E)
                  0000c7b8    00000018                                 : Text.oem4f (.text:xdc_runtime_Text_ropeText__E)
                  0000c7d0    00000016     usblib.lib : usbdcdc.obj (.text:CheckAndSendLineCodingChange)
                  0000c7e6    00000016                : usbdcdc.obj (.text:CheckAndSendLineStateChange)
                  0000c7fc    00000016                : usbbuffer.obj (.text:USBBufferInit)
                  0000c812    00000016                : usbringbuf.obj (.text:USBRingBufUsed)
                  0000c828    00000016     rtsv7M4_T_le_v4SPD16_eabi.lib : strchr.obj (.text)
                  0000c83e    00000016     empty_pem4f.oem4f (.text:ti_sysbios_BIOS_exitFunc__I)
                  0000c854    00000016     empty.obj (.text:ti_sysbios_knl_Mailbox_Params_init)
                  0000c86a    00000016     ti.uia.loggers.aem4f : LoggerStopMode.oem4f (.text:ti_uia_loggers_LoggerStopMode_disable__E)
                  0000c880    00000016                          : LoggerStopMode.oem4f (.text:ti_uia_loggers_LoggerStopMode_enable__E)
                  0000c896    00000002     --HOLE-- [fill = 0]
                  0000c898    00000014     drivers_tivaware.aem4f : GPIOTiva.oem4f (.text:GPIO_clearInt)
                  0000c8ac    00000014     driverlib.lib : timer.obj (.text:TimerDisable)
                  0000c8c0    00000014     touch.obj (.text:TouchScreenCallbackSet)
                  0000c8d4    00000014     driverlib.lib : uart.obj (.text:UARTEnable)
                  0000c8e8    00000014     usblib.lib : usbdenum.obj (.text:USBDCDRequestDataEP0)
                  0000c8fc    00000014     driverlib.lib : usb.obj (.text:USBHostResume)
                  0000c910    00000014                   : usb.obj (.text:USBIntEnableEndpoint)
                  0000c924    00000014     usblib.lib : usbringbuf.obj (.text:USBRingBufFlush)
                  0000c938    00000014     driverlib.lib : usb.obj (.text:_USBIndexWrite)
                  0000c94c    00000014     rtsv7M4_T_le_v4SPD16_eabi.lib : _lock.obj (.text)
                  0000c960    00000014                                   : strcpy.obj (.text)
                  0000c974    00000014                                   : strlen.obj (.text)
                  0000c988    00000014     empty_pem4f.oem4f (.text:ti_sysbios_family_arm_m3_Hwi_Object__get__S)
                  0000c99c    00000004     --HOLE-- [fill = 0]
                  0000c9a0    00000014     sysbios.aem4f : BIOS.obj (.text:ti_sysbios_family_arm_m3_Hwi_switchFromBootStack__E)
                  0000c9b4    00000014     empty_pem4f.oem4f (.text:ti_sysbios_heaps_HeapMem_Object__get__S)
                  0000c9c8    00000014     empty_pem4f.oem4f (.text:ti_sysbios_knl_Swi_Object__get__S)
                  0000c9dc    00000014     empty_pem4f.oem4f (.text:ti_sysbios_knl_Task_Object__get__S)
                  0000c9f0    00000012     driverlib.lib : adc.obj (.text:ADCHardwareOversampleConfigure)
                  0000ca02    00000012                   : gpio.obj (.text:GPIOPinTypeGPIOInput)
                  0000ca14    00000012                   : gpio.obj (.text:GPIOPinTypeGPIOOutput)
                  0000ca26    00000012                   : gpio.obj (.text:GPIOPinTypeUART)
                  0000ca38    00000012                   : gpio.obj (.text:GPIOPinTypeUSBAnalog)
                  0000ca4a    00000012     grlib.lib : string.obj (.text:GrStringDraw)
                  0000ca5c    00000012     usblib.lib : usbdcdc.obj (.text:HandleResume)
                  0000ca6e    00000012                : usbdcdc.obj (.text:HandleSuspend)
                  0000ca80    00000012                : usbbuffer.obj (.text:HandleTxComplete)
                  0000ca92    00000012     driverlib.lib : timer.obj (.text:TimerLoadSet)
                  0000caa4    00000012     UARTUtils.obj (.text:UARTUtils_devicelseek)
                  0000cab6    00000012     usblib.lib : usbringbuf.obj (.text:USBRingBufFree)
                  0000cac8    00000012                : usbringbuf.obj (.text:USBRingBufWriteOne)
                  0000cada    00000012     USBCDCD_LoggerIdle.obj (.text:cbRxHandler)
                  0000caec    00000012     USBCDCD_LoggerIdle.obj (.text:cbTxHandler)
                  0000cafe    00000002     --HOLE-- [fill = 0]
                  0000cb00    00000012     sysbios.aem4f : BIOS.obj (.text:ti_sysbios_hal_Hwi_Module_startup__E)
                  0000cb12    00000006     driverlib.lib : gpio.obj (.text:GPIOPinWrite)
                  0000cb18    00000012     sysbios.aem4f : BIOS.obj (.text:ti_sysbios_hal_Timer_Module_startup__E)
                  0000cb2a    00000012     empty_pem4f.oem4f (.text:xdc_runtime_Startup_exec__I)
                  0000cb3c    00000010     driverlib.lib : adc.obj (.text:ADCIntEnable)
                  0000cb4c    00000010                   : sysctl.obj (.text:SysCtlUSBPLLEnable)
                  0000cb5c    00000010     UARTUtils.obj (.text:UARTUtils_devicerename)
                  0000cb6c    00000010     usblib.lib : usbdenum.obj (.text:USBDCDSendDataEP0)
                  0000cb7c    00000010     driverlib.lib : usb.obj (.text:USBEndpointStatus)
                  0000cb8c    00000010     usblib.lib : usbringbuf.obj (.text:USBRingBufContigUsed)
                  0000cb9c    00000004     --HOLE-- [fill = 0]
                  0000cba0    00000010     sysbios.aem4f : BIOS.obj (.text:ti_sysbios_BIOS_getCpuFreq__E)
                  0000cbb0    00000010                   : BIOS.obj (.text:ti_sysbios_BIOS_setThreadType__E)
                  0000cbc0    00000010                   : BIOS.obj (.text:ti_sysbios_BIOS_start__E)
                  0000cbd0    00000010                   : BIOS.obj (.text:ti_sysbios_family_arm_lm4_TimestampProvider_rolloverFunc__E)
                  0000cbe0    00000010                   : m3_TaskSupport_asm.obj (.text:ti_sysbios_family_arm_m3_TaskSupport_glue)
                  0000cbf0    00000010                   : BIOS.obj (.text:ti_sysbios_gates_GateMutex_Instance_finalize__E)
                  0000cc00    00000010     empty_pem4f.oem4f (.text:ti_sysbios_hal_Hwi_HwiProxy_Object__create__S)
                  0000cc10    00000010     empty_pem4f.oem4f (.text:ti_sysbios_knl_Mailbox_Object__get__S)
                  0000cc20    00000010     empty_pem4f.oem4f (.text:ti_sysbios_knl_Queue_Object__get__S)
                  0000cc30    00000010     sysbios.aem4f : BIOS.obj (.text:ti_sysbios_knl_Semaphore_Instance_finalize__E)
                  0000cc40    00000010                   : BIOS.obj (.text:ti_sysbios_knl_Swi_disable__E)
                  0000cc50    00000010                   : BIOS.obj (.text:ti_sysbios_knl_Task_disable__E)
                  0000cc60    00000010     empty_pem4f.oem4f (.text:ti_uia_loggers_LoggerStopMode_Object__get__S)
                  0000cc70    00000010     ti.uia.loggers.aem4f : LoggerStopMode.oem4f (.text:ti_uia_loggers_LoggerStopMode_isEmpty__E)
                  0000cc80    00000010     ti.targets.arm.rtsarm.aem4f : Gate.oem4f (.text:xdc_runtime_Gate_leaveSystem__E)
                  0000cc90    00000010                                 : Memory.oem4f (.text:xdc_runtime_Memory_free__E)
                  0000cca0    00000010                                 : SysMin.oem4f (.text:xdc_runtime_SysMin_ready__E)
                  0000ccb0    00000010                                 : System.oem4f (.text:xdc_runtime_System_vsnprintf__E)
                  0000ccc0    00000010     empty_pem4f.oem4f (.text:xdc_runtime_Text_visitRope__I)
                  0000ccd0    0000000e     driverlib.lib : adc.obj (.text:ADCSequenceEnable)
                  0000ccde    0000000e     usblib.lib : usbdma.obj (.text:DMAUSBIntStatusClear)
                  0000ccec    0000000e     driverlib.lib : gpio.obj (.text:GPIOIntStatus)
                  0000ccfa    0000000e                   : timer.obj (.text:TimerEnable)
                  0000cd08    0000000e                   : uart.obj (.text:UARTCharGetNonBlocking)
                  0000cd16    0000000e                   : uart.obj (.text:UARTCharPutNonBlocking)
                  0000cd24    0000000e     UARTUtils.obj (.text:UARTUtils_deviceunlink)
                  0000cd32    0000000e     usblib.lib : usbdcdc.obj (.text:USBDCDCTxPacketAvailable)
                  0000cd40    0000000e     rtsv7M4_T_le_v4SPD16_eabi.lib : copy_decompress_none.obj (.text:decompress:none)
                  0000cd4e    0000000e                                   : time.obj (.text)
                  0000cd5c    00000004     --HOLE-- [fill = 0]
                  0000cd60    0000000e     sysbios.aem4f : BIOS.obj (.text:ti_sysbios_knl_Idle_loop__E)
                  0000cd6e    00000002     --HOLE-- [fill = 0]
                  0000cd70    0000000e                   : BIOS.obj (.text:ti_sysbios_knl_Queue_empty__E)
                  0000cd7e    00000002     --HOLE-- [fill = 0]
                  0000cd80    0000000c     empty_pem4f.oem4f (.text:.bootCodeSection:ti_catalog_arm_cortexm4_tiva_ce_Boot_init__I)
                  0000cd8c    0000000c     driverlib.lib : cpu.obj (.text:CPUcpsid)
                  0000cd98    0000000c                   : cpu.obj (.text:CPUcpsie)
                  0000cda4    0000000c                   : gpio.obj (.text:GPIOIntEnable)
                  0000cdb0    0000000c                   : usb.obj (.text:USBEndpointPacketCountSet)
                  0000cdbc    0000000c     usblib.lib : usbringbuf.obj (.text:USBRingBufInit)
                  0000cdc8    0000000c     rtsv7M4_T_le_v4SPD16_eabi.lib : copy_zero_init.obj (.text:decompress:ZI)
                  0000cdd4    00000004     --HOLE-- [fill = 0]
                  0000cdd8    0000000c     sysbios.aem4f : BIOS.obj (.text:ti_sysbios_family_arm_lm4_Timer_getMaxTicks__E)
                  0000cde4    00000004     --HOLE-- [fill = 0]
                  0000cde8    0000000c                   : BIOS.obj (.text:ti_sysbios_family_arm_lm4_TimestampProvider_startTimer__E)
                  0000cdf4    0000000c     empty_pem4f.oem4f (.text:ti_sysbios_family_arm_m3_Hwi_Params__init__S)
                  0000ce00    0000000c     sysbios.aem4f : BIOS.obj (.text:ti_sysbios_family_arm_m3_Hwi_disableFxn__E)
                  0000ce0c    00000004     --HOLE-- [fill = 0]
                  0000ce10    0000000c                   : BIOS.obj (.text:ti_sysbios_family_arm_m3_TaskSupport_checkStack__E)
                  0000ce1c    00000004     --HOLE-- [fill = 0]
                  0000ce20    0000000c                   : BIOS.obj (.text:ti_sysbios_gates_GateHwi_enter__E)
                  0000ce2c    0000000c     empty_pem4f.oem4f (.text:ti_sysbios_knl_Mailbox_Params__init__S)
                  0000ce38    0000000c     empty_pem4f.oem4f (.text:ti_sysbios_knl_Semaphore_Params__init__S)
                  0000ce44    00000004     --HOLE-- [fill = 0]
                  0000ce48    0000000c     sysbios.aem4f : BIOS.obj (.text:ti_sysbios_utils_Load_taskRegHook__E)
                  0000ce54    0000000c     ti.targets.arm.rtsarm.aem4f : Error.oem4f (.text:xdc_runtime_Error_init__E)
                  0000ce60    0000000c                                 : Gate.oem4f (.text:xdc_runtime_Gate_enterSystem__E)
                  0000ce6c    0000000c                                 : Memory.oem4f (.text:xdc_runtime_Memory_calloc__E)
                  0000ce78    0000000c                                 : Memory.oem4f (.text:xdc_runtime_Memory_getMaxDefaultTypeAlign__E)
                  0000ce84    0000000a     driverlib.lib : adc.obj (.text:ADCIntClear)
                  0000ce8e    0000000a                   : interrupt.obj (.text:IntMasterDisable)
                  0000ce98    0000000a                   : interrupt.obj (.text:IntMasterEnable)
                  0000cea2    0000000a     Kentec320x240x16_ssd2119_8bit.obj (.text:Kentec320x240x16_SSD2119Flush)
                  0000ceac    0000000a     driverlib.lib : timer.obj (.text:TimerIntDisable)
                  0000ceb6    0000000a                   : uart.obj (.text:UARTCharGet)
                  0000cec0    0000000a                   : uart.obj (.text:UARTCharPut)
                  0000ceca    0000000a                   : uart.obj (.text:UARTIntDisable)
                  0000ced4    0000000a                   : uart.obj (.text:UARTIntStatus)
                  0000cede    0000000a     drivers_tivaware.aem4f : UART.oem4f (.text:UART_close)
                  0000cee8    0000000a                            : UART.oem4f (.text:UART_read)
                  0000cef2    0000000a                            : UART.oem4f (.text:UART_write)
                  0000cefc    0000000a     USBCDCD_LoggerIdle.obj (.text:USBCDCD_LoggerIdle_hwiHandler)
                  0000cf06    0000000a     driverlib.lib : usb.obj (.text:USBDevConnect)
                  0000cf10    0000000a                   : usb.obj (.text:USBDevDisconnect)
                  0000cf1a    0000000a                   : usb.obj (.text:USBIntStatusEndpoint)
                  0000cf24    00000004     --HOLE-- [fill = 0]
                  0000cf28    0000000a     sysbios.aem4f : BIOS.obj (.text:ti_sysbios_hal_Hwi_Instance_finalize__E)
                  0000cf32    0000000a     empty_pem4f.oem4f (.text:xdc_runtime_IHeap_alloc)
                  0000cf3c    0000000a     empty_pem4f.oem4f (.text:xdc_runtime_IHeap_free)
                  0000cf46    00000008     grlib.lib : charmap.obj (.text:GrMapISO8859_1_Unicode)
                  0000cf4e    00000008     driverlib.lib : timer.obj (.text:TimerIntEnable)
                  0000cf56    00000008                   : uart.obj (.text:UARTIntEnable)
                  0000cf5e    00000008     drivers_tivaware.aem4f : UARTTiva.oem4f (.text:UARTTiva_init)
                  0000cf66    00000008     driverlib.lib : usb.obj (.text:USBDevMode)
                  0000cf6e    00000008                   : usb.obj (.text:USBFIFOAddrGet)
                  0000cf76    00000008                   : usb.obj (.text:USBOTGMode)
                  0000cf7e    00000008     drivers_tivaware.aem4f : UARTTiva.oem4f (.text:readSemCallback)
                  0000cf86    00000008     sysbios.aem4f : BIOS.obj (.text:ti_sysbios_family_arm_lm4_Timer_masterDisable__I)
                  0000cf8e    00000002     --HOLE-- [fill = 0]
                  0000cf90    00000008                   : BIOS.obj (.text:ti_sysbios_family_arm_m3_Hwi_doSwiRestore__I)
                  0000cf98    00000008                   : BIOS.obj (.text:ti_sysbios_family_arm_m3_Hwi_startup__E)
                  0000cfa0    00000008     drivers_tivaware.aem4f : UARTTiva.oem4f (.text:writeSemCallback)
                  0000cfa8    00000006     grlib.lib : string.obj (.text:GrContextFontSet)
                  0000cfae    00000006     driverlib.lib : sysctl.obj (.text:SysCtlDelay)
                  0000cfb4    00000006                   : uart.obj (.text:UARTFIFOLevelSet)
                  0000cfba    00000006     drivers_tivaware.aem4f : UARTTiva.oem4f (.text:UARTTiva_control)
                  0000cfc0    00000006     usblib.lib : usbbuffer.obj (.text:USBBufferFlush)
                  0000cfc6    00000006     ti.targets.arm.rtsarm.aem4f : xdc_noinit.oem4f (.text:__xdc__init)
                  0000cfcc    00000006     rtsv7M4_T_le_v4SPD16_eabi.lib : copy_decompress_rle.obj (.text:decompress:rle24)
                  0000cfd2    00000006     Boot.aem4f : Boot_sysctl.oem4f (.text:ti_catalog_arm_cortexm4_tiva_ce_Boot_sysCtlDelayI__I)
                  0000cfd8    00000006     sysbios.aem4f : BIOS.obj (.text:ti_sysbios_family_arm_lm4_TimestampProvider_Module_startup__E)
                  0000cfde    00000002     --HOLE-- [fill = 0]
                  0000cfe0    00000006                   : BIOS.obj (.text:ti_sysbios_family_arm_m3_Hwi_restoreFxn__E)
                  0000cfe6    00000002     --HOLE-- [fill = 0]
                  0000cfe8    00000006                   : BIOS.obj (.text:ti_sysbios_gates_GateHwi_leave__E)
                  0000cfee    00000002     --HOLE-- [fill = 0]
                  0000cff0    00000006                   : BIOS.obj (.text:ti_sysbios_heaps_HeapMem_isBlocking__E)
                  0000cff6    00000002     --HOLE-- [fill = 0]
                  0000cff8    00000006                   : BIOS.obj (.text:ti_sysbios_knl_Queue_Instance_init__E)
                  0000cffe    00000006     ti.targets.arm.rtsarm.aem4f : System.oem4f (.text:xdc_runtime_System_Module_startup__E)
                  0000d004    00000004     --HOLE-- [fill = 0]
                  0000d008    00000004     sysbios.aem4f : BIOS.obj (.text:ti_sysbios_family_arm_lm4_Timer_getPeriod__E)
                  0000d00c    00000004     --HOLE-- [fill = 0]
                  0000d010    00000004                   : BIOS.obj (.text:ti_sysbios_gates_GateHwi_query__E)
                  0000d014    00000004     --HOLE-- [fill = 0]
                  0000d018    00000004                   : BIOS.obj (.text:ti_sysbios_gates_GateMutex_query__E)
                  0000d01c    00000004     --HOLE-- [fill = 0]
                  0000d020    00000004                   : BIOS.obj (.text:ti_sysbios_knl_Task_startup__E)
                  0000d024    00000004     --HOLE-- [fill = 0]
                  0000d028    00000002                   : BIOS.obj (.text:ti_sysbios_gates_GateHwi_Instance_init__E)

.const     0    0000d02c    00006736     
                  0000d02c    00001ec0     empty_pem4f.oem4f (.const:xdc_runtime_Text_charTab__A)
                  0000eeec    00000a29     grlib.lib : fontcm22b.obj (.const:.string:g_pui8Cm22bData)
                  0000f915    00000001     empty_pem4f.oem4f (.const:xdc_runtime_Error_policy__C)
                  0000f916    00000002     empty_pem4f.oem4f (.const:ti_catalog_arm_cortexm4_tiva_ce_Boot_Module__id__C)
                  0000f918    00000a17     grlib.lib : fontcmsc22.obj (.const:.string:g_pui8Cmsc22Data)
                  0001032f    000009b0     images.obj (.const:.string:image_TI_Ad)
                  00010cdf    00000001     --HOLE-- [fill = 0]
                  00010ce0    0000095e     grlib.lib : fontcm20.obj (.const:.string:g_pui8Cm20Data)
                  0001163e    00000002     empty_pem4f.oem4f (.const:ti_sysbios_family_arm_lm4_TimestampProvider_useClockTimer__C)
                  00011640    0000091e     grlib.lib : fontcmss22b.obj (.const:.string:g_pui8Cmss22bData)
                  00011f5e    000003bd     images.obj (.const:.string:image_TI_Black)
                  0001231b    00000001     --HOLE-- [fill = 0]
                  0001231c    000002f8     grlib.lib : fontfixed6x8.obj (.const:.string:g_pui8FontFixed6x8Data)
                  00012614    00000108     empty_pem4f.oem4f (.const:xdc_runtime_Text_nodeTab__A)
                  0001271c    000000c8     grlib.lib : fontcm20.obj (.const:g_sFontCm20)
                  000127e4    000000c8               : fontcm22b.obj (.const:g_sFontCm22b)
                  000128ac    000000c8               : fontcmsc22.obj (.const:g_sFontCmsc22)
                  00012974    000000c8               : fontcmss22b.obj (.const:g_sFontCmss22b)
                  00012a3c    000000c8               : fontfixed6x8.obj (.const:g_sFontFixed6x8)
                  00012b04    00000078     driverlib.lib : gpio.obj (.const:g_pui32GPIOBaseAddrs)
                  00012b7c    00000070                   : interrupt.obj (.const)
                  00012bec    0000006c                   : sysctl.obj (.const:g_pui32Xtals)
                  00012c58    00000060     empty_pem4f.oem4f (.const:ti_uia_loggers_LoggerStopMode_Module__FXNS__C)
                  00012cb8    00000048     empty_pem4f.oem4f (.const:.string)
                  00012d00    0000003c     EK_TM4C123GXL.obj (.const:gpioHWAttrs)
                  00012d3c    00000038     touch.obj (.const:g_lTouchParameters)
                  00012d74    00000038     usblib.lib : usbdcdc.obj (.const)
                  00012dac    00000036     USBCDCD_LoggerIdle.obj (.const:.string:configString)
                  00012de2    00000002     empty_pem4f.oem4f (.const:ti_sysbios_family_arm_m3_Hwi_Module__id__C)
                  00012de4    00000034     usblib.lib : usbdenum.obj (.const:g_psUSBDStdRequests)
                  00012e18    00000034     empty_pem4f.oem4f (.const:ti_sysbios_knl_Mailbox_Object__PARAMS__C)
                  00012e4c    00000030     usblib.lib : usbdcdc.obj (.const:g_sCDCHandlers)
                  00012e7c    00000030     empty_pem4f.oem4f (.const:ti_sysbios_family_arm_m3_Hwi_Object__PARAMS__C)
                  00012eac    00000030     empty_pem4f.oem4f (.const:xdc_runtime_Startup_sfxnTab__A)
                  00012edc    0000002c     USBCDCD_LoggerIdle.obj (.const:.string:controlInterfaceString)
                  00012f08    0000002c     EK_TM4C123GXL.obj (.const:EK_TM4C123GXL_gpioPortFCallbacks)
                  00012f34    0000002c     drivers_tivaware.aem4f : UARTTiva.oem4f (.const)
                  00012f60    0000002c     empty_pem4f.oem4f (.const:ti_sysbios_hal_Hwi_Object__PARAMS__C)
                  00012f8c    0000002a     empty.obj (.const:.string)
                  00012fb6    00000002     empty_pem4f.oem4f (.const:ti_sysbios_family_arm_m3_Hwi_Module__loggerDefined__C)
                  00012fb8    00000028     drivers_tivaware.aem4f : UARTTiva.oem4f (.const:UARTTiva_fxnTable)
                  00012fe0    00000028     Kentec320x240x16_ssd2119_8bit.obj (.const:g_sKentec320x240x16_SSD2119)
                  00013008    00000028     empty_pem4f.oem4f (.const:ti_sysbios_heaps_HeapMem_Module__FXNS__C)
                  00013030    00000028     empty_pem4f.oem4f (.const:ti_uia_loggers_LoggerStopMode_Object__PARAMS__C)
                  00013058    00000024     USBCDCD_LoggerIdle.obj (.const:.string:manufacturerString)
                  0001307c    00000024     drivers_tivaware.aem4f : UART.oem4f (.const:UART_defaultParams)
                  000130a0    00000024     empty_pem4f.oem4f (.const:ti_sysbios_gates_GateHwi_Module__FXNS__C)
                  000130c4    00000024     empty_pem4f.oem4f (.const:ti_sysbios_gates_GateMutex_Module__FXNS__C)
                  000130e8    00000024     empty_pem4f.oem4f (.const:ti_sysbios_heaps_HeapMem_Object__PARAMS__C)
                  0001310c    00000024     empty_pem4f.oem4f (.const:ti_sysbios_knl_Semaphore_Object__PARAMS__C)
                  00013130    00000024     USBCDCD_LoggerIdle.obj (.const:txBuffer)
                  00013154    00000023     usblib.lib : usbdcdc.obj (.const:.string:g_pui8CDCSerCommInterface)
                  00013177    00000022     USBCDCD_LoggerIdle.obj (.const:.string:productString)
                  00013199    00000001     --HOLE-- [fill = 0]
                  0001319a    00000002     empty_pem4f.oem4f (.const:ti_sysbios_gates_GateMutex_Module__id__C)
                  0001319c    00000020     empty_pem4f.oem4f (.const)
                  000131bc    00000020     empty_pem4f.oem4f (.const:ti_sysbios_family_arm_m3_Hwi_Object__DESC__C)
                  000131dc    00000020     empty_pem4f.oem4f (.const:ti_sysbios_gates_GateHwi_Object__DESC__C)
                  000131fc    00000020     empty_pem4f.oem4f (.const:ti_sysbios_gates_GateMutex_Object__DESC__C)
                  0001321c    00000020     empty_pem4f.oem4f (.const:ti_sysbios_hal_Hwi_Object__DESC__C)
                  0001323c    00000020     empty_pem4f.oem4f (.const:ti_sysbios_heaps_HeapMem_Object__DESC__C)
                  0001325c    00000020     empty_pem4f.oem4f (.const:ti_sysbios_knl_Mailbox_Object__DESC__C)
                  0001327c    00000020     empty_pem4f.oem4f (.const:ti_sysbios_knl_Queue_Object__DESC__C)
                  0001329c    00000020     empty_pem4f.oem4f (.const:ti_sysbios_knl_Semaphore_Object__DESC__C)
                  000132bc    00000020     empty_pem4f.oem4f (.const:ti_uia_loggers_LoggerStopMode_Object__DESC__C)
                  000132dc    0000001c     ustdlib.obj (.const)
                  000132f8    00000018     EK_TM4C123GXL.obj (.const:GPIO_config)
                  00013310    00000018     EK_TM4C123GXL.obj (.const:UART_config)
                  00013328    00000018     USBCDCD_LoggerIdle.obj (.const)
                  00013340    00000018     empty_pem4f.oem4f (.const:ti_sysbios_gates_GateHwi_Object__PARAMS__C)
                  00013358    00000018     empty_pem4f.oem4f (.const:ti_sysbios_gates_GateMutex_Object__PARAMS__C)
                  00013370    00000018     empty_pem4f.oem4f (.const:ti_sysbios_knl_Queue_Object__PARAMS__C)
                  00013388    00000018     empty_pem4f.oem4f (.const:ti_sysbios_knl_Task_hooks__A)
                  000133a0    00000018     empty_pem4f.oem4f (.const:xdc_runtime_Startup_sfxnRts__A)
                  000133b8    00000017     usblib.lib : usbdcdc.obj (.const:.string)
                  000133cf    00000016     USBCDCD_LoggerIdle.obj (.const:.string)
                  000133e5    00000001     --HOLE-- [fill = 0]
                  000133e6    00000002     empty_pem4f.oem4f (.const:ti_sysbios_hal_Hwi_Module__id__C)
                  000133e8    00000014     drivers_tivaware.aem4f : GPIOTiva.oem4f (.const)
                  000133fc    00000014     empty_pem4f.oem4f (.const:xdc_runtime_Startup_firstFxns__A)
                  00013410    00000012     ustdlib.obj (.const:.string)
                  00013422    00000011     ti.targets.arm.rtsarm.aem4f : System.oem4f (.const:.string)
                  00013433    00000001     --HOLE-- [fill = 0]
                  00013434    00000010     grlib.lib : context.obj (.const)
                  00013444    00000008     empty_pem4f.oem4f (.const:ti_sysbios_family_arm_m3_Hwi_excHookFuncs__A)
                  0001344c    00000008     empty_pem4f.oem4f (.const:ti_sysbios_knl_Idle_funcList__A)
                  00013454    00000008     empty_pem4f.oem4f (.const:ti_sysbios_knl_Idle_funcList__C)
                  0001345c    00000008     empty_pem4f.oem4f (.const:ti_sysbios_knl_Task_hooks__C)
                  00013464    00000008     EK_TM4C123GXL.obj (.const:uartTivaHWAttrs)
                  0001346c    00000008     empty_pem4f.oem4f (.const:xdc_runtime_Startup_firstFxns__C)
                  00013474    00000008     empty_pem4f.oem4f (.const:xdc_runtime_Startup_lastFxns__C)
                  0001347c    00000004     empty_pem4f.oem4f (.const:ti_catalog_arm_cortexm4_tiva_ce_Boot_A_mustUseEnhancedClockMode__C)
                  00013480    00000004     empty_pem4f.oem4f (.const:ti_catalog_arm_cortexm4_tiva_ce_Boot_Module__diagsEnabled__C)
                  00013484    00000004     empty_pem4f.oem4f (.const:ti_catalog_arm_cortexm4_tiva_ce_Boot_Module__diagsIncluded__C)
                  00013488    00000004     empty_pem4f.oem4f (.const:ti_catalog_arm_cortexm4_tiva_ce_Boot_Module__diagsMask__C)
                  0001348c    00000004     empty_pem4f.oem4f (.const:ti_sysbios_family_arm_lm4_Timer_enableFunc__C)
                  00013490    00000004     empty_pem4f.oem4f (.const:ti_sysbios_family_arm_lm4_Timer_numTimerDevices__C)
                  00013494    00000004     empty_pem4f.oem4f (.const:ti_sysbios_family_arm_lm4_Timer_startupNeeded__C)
                  00013498    00000004     empty_pem4f.oem4f (.const:ti_sysbios_family_arm_m3_Hwi_E_NMI__C)
                  0001349c    00000004     empty_pem4f.oem4f (.const:ti_sysbios_family_arm_m3_Hwi_E_alreadyDefined__C)
                  000134a0    00000004     empty_pem4f.oem4f (.const:ti_sysbios_family_arm_m3_Hwi_E_busFault__C)
                  000134a4    00000004     empty_pem4f.oem4f (.const:ti_sysbios_family_arm_m3_Hwi_E_debugMon__C)
                  000134a8    00000004     empty_pem4f.oem4f (.const:ti_sysbios_family_arm_m3_Hwi_E_hardFault__C)
                  000134ac    00000004     empty_pem4f.oem4f (.const:ti_sysbios_family_arm_m3_Hwi_E_memFault__C)
                  000134b0    00000004     empty_pem4f.oem4f (.const:ti_sysbios_family_arm_m3_Hwi_E_noIsr__C)
                  000134b4    00000004     empty_pem4f.oem4f (.const:ti_sysbios_family_arm_m3_Hwi_E_reserved__C)
                  000134b8    00000004     empty_pem4f.oem4f (.const:ti_sysbios_family_arm_m3_Hwi_E_svCall__C)
                  000134bc    00000004     empty_pem4f.oem4f (.const:ti_sysbios_family_arm_m3_Hwi_E_usageFault__C)
                  000134c0    00000004     empty_pem4f.oem4f (.const:ti_sysbios_family_arm_m3_Hwi_LD_end__C)
                  000134c4    00000004     empty_pem4f.oem4f (.const:ti_sysbios_family_arm_m3_Hwi_LM_begin__C)
                  000134c8    00000004     empty_pem4f.oem4f (.const:ti_sysbios_family_arm_m3_Hwi_Module__diagsEnabled__C)
                  000134cc    00000004     empty_pem4f.oem4f (.const:ti_sysbios_family_arm_m3_Hwi_Module__diagsIncluded__C)
                  000134d0    00000004     empty_pem4f.oem4f (.const:ti_sysbios_family_arm_m3_Hwi_Module__diagsMask__C)
                  000134d4    00000004     empty_pem4f.oem4f (.const:ti_sysbios_family_arm_m3_Hwi_Module__loggerFxn1__C)
                  000134d8    00000004     empty_pem4f.oem4f (.const:ti_sysbios_family_arm_m3_Hwi_Module__loggerFxn8__C)
                  000134dc    00000004     empty_pem4f.oem4f (.const:ti_sysbios_family_arm_m3_Hwi_Module__loggerObj__C)
                  000134e0    00000004     empty_pem4f.oem4f (.const:ti_sysbios_family_arm_m3_Hwi_NUM_INTERRUPTS__C)
[...]
000135c4  ti_sysbios_knl_Swi_LD_end__C                                      
000135c8  ti_sysbios_knl_Swi_LM_begin__C                                    
000135cc  ti_sysbios_knl_Swi_LM_post__C                                     
000135d0  ti_sysbios_knl_Swi_Module__diagsEnabled__C                        
000135d4  ti_sysbios_knl_Swi_Module__diagsIncluded__C                       
000135d8  ti_sysbios_knl_Swi_Module__diagsMask__C                           
000135dc  ti_sysbios_knl_Swi_Module__loggerFxn1__C                          
000135e0  ti_sysbios_knl_Swi_Module__loggerFxn4__C                          
000135e4  ti_sysbios_knl_Swi_Module__loggerObj__C                           
000135e8  ti_sysbios_knl_Swi_Object__count__C                               
000135ec  ti_sysbios_knl_Task_E_spOutOfBounds__C                            
000135f0  ti_sysbios_knl_Task_E_stackOverflow__C                            
000135f4  ti_sysbios_knl_Task_LD_block__C                                   
000135f8  ti_sysbios_knl_Task_LD_exit__C                                    
000135fc  ti_sysbios_knl_Task_LD_ready__C                                   
00013600  ti_sysbios_knl_Task_LM_switch__C                                  
00013604  ti_sysbios_knl_Task_Module_State_inactiveQ__O                     
00013608  ti_sysbios_knl_Task_Module__diagsEnabled__C                       
0001360c  ti_sysbios_knl_Task_Module__diagsIncluded__C                      
00013610  ti_sysbios_knl_Task_Module__diagsMask__C                          
00013614  ti_sysbios_knl_Task_Module__loggerFxn2__C                         
00013618  ti_sysbios_knl_Task_Module__loggerFxn4__C                         
0001361c  ti_sysbios_knl_Task_Module__loggerObj__C                          
00013620  ti_sysbios_knl_Task_Object__count__C                              
00013624  ti_sysbios_knl_Task_Object__heap__C                               
00013628  ti_sysbios_knl_Task_allBlockedFunc__C                             
0001362c  ti_sysbios_knl_Task_numConstructedTasks__C                        
00013630  ti_sysbios_utils_Load_LS_cpuLoad__C                               
00013634  ti_sysbios_utils_Load_LS_hwiLoad__C                               
00013638  ti_sysbios_utils_Load_LS_taskLoad__C                              
0001363c  ti_sysbios_utils_Load_Module_State_taskList__O                    
00013640  ti_sysbios_utils_Load_Module__diagsEnabled__C                     
00013644  ti_sysbios_utils_Load_Module__diagsIncluded__C                    
00013648  ti_sysbios_utils_Load_Module__diagsMask__C                        
0001364c  ti_sysbios_utils_Load_Module__loggerFxn1__C                       
00013650  ti_sysbios_utils_Load_Module__loggerFxn2__C                       
00013654  ti_sysbios_utils_Load_Module__loggerFxn4__C                       
00013658  ti_sysbios_utils_Load_Module__loggerObj__C                        
0001365c  ti_sysbios_utils_Load_postUpdate__C                               
00013660  ti_sysbios_utils_Load_windowInMs__C                               
00013664  ti_uia_loggers_LoggerStopMode_Module__diagsEnabled__C             
00013668  ti_uia_loggers_LoggerStopMode_Module__diagsIncluded__C            
0001366c  ti_uia_loggers_LoggerStopMode_Module__diagsMask__C                
00013670  ti_uia_loggers_LoggerStopMode_Object__count__C                    
00013674  ti_uia_runtime_ILoggerSnapshot_Interface__BASE__C                 
00013678  ti_uia_runtime_IUIATransfer_Interface__BASE__C                    
0001367c  xdc_runtime_Assert_E_assertFailed__C                              
00013680  xdc_runtime_Core_A_initializedParams__C                           
00013684  xdc_runtime_Core_Module__diagsEnabled__C                          
00013688  xdc_runtime_Core_Module__diagsIncluded__C                         
0001368c  xdc_runtime_Core_Module__diagsMask__C                             
00013690  xdc_runtime_Error_E_memory__C                                     
00013694  xdc_runtime_Error_Module__diagsEnabled__C                         
00013698  xdc_runtime_Error_Module__diagsIncluded__C                        
0001369c  xdc_runtime_Error_Module__diagsMask__C                            
000136a0  xdc_runtime_Error_Module__loggerFxn8__C                           
000136a4  xdc_runtime_Error_Module__loggerObj__C                            
000136a8  xdc_runtime_Error_policyFxn__C                                    
000136ac  xdc_runtime_Error_raiseHook__C                                    
000136b0  xdc_runtime_IFilterLogger_Interface__BASE__C                      
000136b4  xdc_runtime_IGateProvider_Interface__BASE__C                      
000136b8  xdc_runtime_IHeap_Interface__BASE__C                              
000136bc  xdc_runtime_ILogger_Interface__BASE__C                            
000136c0  xdc_runtime_IModule_Interface__BASE__C                            
000136c4  xdc_runtime_Log_L_error__C                                        
000136c8  xdc_runtime_Main_Module__diagsEnabled__C                          
000136cc  xdc_runtime_Main_Module__diagsIncluded__C                         
000136d0  xdc_runtime_Main_Module__diagsMask__C                             
000136d4  xdc_runtime_Main_Module__loggerFxn2__C                            
000136d8  xdc_runtime_Main_Module__loggerObj__C                             
000136dc  xdc_runtime_Memory_defaultHeapInstance__C                         
000136e0  xdc_runtime_Startup_execImpl__C                                   
000136e4  xdc_runtime_Startup_lastFxns__A                                   
000136e8  xdc_runtime_Startup_maxPasses__C                                  
000136ec  xdc_runtime_Startup_sfxnRts__C                                    
000136f0  xdc_runtime_Startup_sfxnTab__C                                    
000136f4  xdc_runtime_SysMin_bufSize__C                                     
000136f8  xdc_runtime_SysMin_outputFunc__C                                  
000136fc  xdc_runtime_System_Module__gateObj__C                             
00013700  xdc_runtime_System_abortFxn__C                                    
00013704  xdc_runtime_System_exitFxn__C                                     
00013708  xdc_runtime_System_extendFxn__C                                   
0001370c  xdc_runtime_System_maxAtexitHandlers__C                           
00013710  xdc_runtime_Text_charTab__C                                       
00013714  xdc_runtime_Text_nameEmpty__C                                     
00013718  xdc_runtime_Text_nameStatic__C                                    
0001371c  xdc_runtime_Text_nameUnknown__C                                   
00013720  xdc_runtime_Text_nodeTab__C                                       
00013724  xdc_runtime_Text_visitRopeFxn__C                                  
00013728  ti_sysbios_heaps_HeapMem_Module__id__C                            
0001372a  ti_sysbios_knl_Clock_Module__id__C                                
0001372c  ti_sysbios_knl_Clock_Module__loggerDefined__C                     
0001372e  ti_sysbios_knl_Mailbox_Module__id__C                              
00013730  ti_sysbios_knl_Semaphore_Module__id__C                            
00013732  ti_sysbios_knl_Semaphore_Module__loggerDefined__C                 
00013734  ti_sysbios_knl_Swi_Module__id__C                                  
00013736  ti_sysbios_knl_Swi_Module__loggerDefined__C                       
00013738  ti_sysbios_knl_Task_Module__id__C                                 
0001373a  ti_sysbios_knl_Task_Module__loggerDefined__C                      
0001373c  ti_sysbios_knl_Task_initStackFlag__C                              
0001373e  ti_sysbios_utils_Load_Module__id__C                               
00013740  ti_sysbios_utils_Load_Module__loggerDefined__C                    
00013742  ti_sysbios_utils_Load_autoAddTasks__C                             
00013744  ti_sysbios_utils_Load_hwiEnabled__C                               
00013746  ti_sysbios_utils_Load_updateInIdle__C                             
00013748  ti_uia_loggers_LoggerStopMode_Module__id__C                       
0001374a  ti_uia_loggers_LoggerStopMode_isTimestampEnabled__C               
0001374c  xdc_runtime_Core_Module__id__C                                    
0001374e  xdc_runtime_Error_Module__loggerDefined__C                        
00013750  xdc_runtime_Error_maxDepth__C                                     
00013752  xdc_runtime_Main_Module__id__C                                    
00013754  xdc_runtime_Main_Module__loggerDefined__C                         
00013756  xdc_runtime_Memory_Module__id__C                                  
00013758  xdc_runtime_SysMin_flushAtExit__C                                 
0001375a  xdc_runtime_Text_charCnt__C                                       
0001375c  xdc_runtime_Text_isLoaded__C                                      
0001375e  xdc_runtime_Text_registryModsLastId__C                            
00013760  xdc_runtime_Text_unnamedModsLastId__C                             
00013768  __TI_static_base__                                                
00013da0  __TI_Handler_Table_Base                                           
00013dac  __TI_Handler_Table_Limit                                          
00013dc0  __TI_CINIT_Base                                                   
00013dd8  __TI_CINIT_Limit                                                  
20000000  ti_sysbios_family_arm_m3_Hwi_ramVectors                           
20000380  ti_sysbios_heaps_HeapMem_Instance_State_0_buf__A                  
20002b80  ti_sysbios_knl_Task_Instance_State_0_stack__A                     
20003380  ti_sysbios_knl_Task_Instance_State_1_stack__A                     
20003b80  ti_sysbios_knl_Task_Instance_State_2_stack__A                     
20004380  ti_uia_loggers_LoggerStopMode_Instance_State_1_packetArray__A     
20004780  ti_uia_loggers_LoggerStopMode_Instance_State_2_packetArray__A     
20004b80  xdc_runtime_SysMin_Module_State_0_outbuf__A                       
20004f80  ti_sysbios_family_arm_m3_Hwi_dispatchTable                        
200052e0  callbackHwi                                                       
20005300  ti_uia_loggers_LoggerStopMode_Instance_State_0_packetArray__A     
20005500  __CIOBUF_                                                         
20005830  __TI_tmpnams                                                      
200058d0  uartTivaObjects                                                   
20005958  g_psDCDInst                                                       
200059e0  dis_arrColor                                                      
20005a00  ti_uia_loggers_LoggerStopMode_Instance_State_0_hdr__A             
20005a30  g_pfnTickHandlers                                                 
20005a48  g_pvTickInstance                                                  
20005a78  sRect                                                             
20005a80  ti_uia_loggers_LoggerStopMode_Instance_State_1_hdr__A             
20005ab0  context                                                           
20005aec  g_ui32PollRate                                                    
20005af0  g_eOTGModeState                                                   
20005af8  g_ppsDevInfo                                                      
20005afc  MAX                                                               
20005b00  ti_uia_loggers_LoggerStopMode_Instance_State_2_hdr__A             
20005b3c  displayTime                                                       
20005b44  g_plParmSet                                                       
20005b4c  global_rand                                                       
20005b50  playColor                                                         
20005b54  scorecnt                                                          
20005b58  ti_sysbios_knl_Task_Instance_State_0_hookEnv__A                   
20005b5c  ti_sysbios_knl_Task_Instance_State_1_hookEnv__A                   
20005b60  ti_sysbios_knl_Task_Instance_State_2_hookEnv__A                   
20005b64  ui32Period                                                        
20005b68  g_sTouchX                                                         
20005b6a  g_sTouchY                                                         
20005b70  __stack                                                           
20005f70  __STACK_TOP                                                       
20006b70  __STACK_END                                                       
20006b70  xdc_runtime_Diags_dictElems                                       
20006b90  ti_sysbios_family_arm_lm4_Timer_Module__root__V                   
20006b98  ti_sysbios_family_arm_lm4_Timer_Module_State_0_handles__A         
20006bb0  ti_sysbios_family_arm_lm4_Timer_Module__state__V                  
20006bbc  ti_sysbios_family_arm_lm4_TimestampProvider_Module__state__V      
20006bc4  ti_sysbios_family_arm_m3_Hwi_Module__root__V                      
20006bcc  ti_sysbios_family_arm_m3_Hwi_Module_State_0_excActive__A          
20006bd0  ti_sysbios_family_arm_m3_Hwi_Module_State_0_excContext__A         
20006bd4  ti_sysbios_family_arm_m3_Hwi_Module_State_0_excStack__A           
20006bd8  ti_sysbios_gates_GateHwi_Module__root__V                          
20006be0  ti_sysbios_gates_GateHwi_Object__table__V                         
20006be4  ti_sysbios_gates_GateMutex_Module__root__V                        
20006bec  ti_sysbios_hal_Hwi_Module__root__V                                
20006bf4  ti_sysbios_hal_Timer_Module__root__V                              
20006bfc  ti_sysbios_heaps_HeapMem_Module__root__V                          
20006c04  ti_sysbios_heaps_HeapMem_Object__table__V                         
20006c1c  ti_sysbios_knl_Clock_Module__root__V                              
20006c24  ti_sysbios_knl_Event_Module__root__V                              
20006c30  ti_sysbios_knl_Mailbox_Module__root__V                            
20006c38  ti_sysbios_knl_Queue_Module__root__V                              
20006c40  ti_sysbios_knl_Queue_Object__table__V                             
20006c50  ti_sysbios_knl_Semaphore_Module__root__V                          
20006c58  ti_sysbios_knl_Swi_Module__root__V                                
20006c60  ti_sysbios_knl_Swi_Module__state__V                               
20006c7c  ti_sysbios_knl_Task_Module__root__V                               
20006c88  ti_sysbios_knl_Task_Module_State_0_idleTask__A                    
20006c8c  ti_sysbios_utils_Load_Module_State_0_taskStartTime__A             
20006c90  ti_sysbios_utils_Load_Module_State_0_runningTask__A               
20006c94  ti_uia_loggers_LoggerStopMode_Module__root__V                     
20006c9c  ti_uia_loggers_LoggerStopMode_Module__state__V                    
20006ca4  ti_uia_runtime_QueueDescriptor_Module__state__V                   
20006cb0  xdc_runtime_Error_Module__state__V                                
20006cb2  xdc_runtime_Main_Module__root__V                                  
20006cb4  xdc_runtime_Memory_Module__state__V                               
20006cb8  xdc_runtime_Registry_Module__state__V                             
20006cc0  xdc_runtime_Startup_Module__state__V                              
20006cc8  xdc_runtime_SysMin_Module__state__V                               
20006cd4  xdc_runtime_System_Module_State_0_atexitHandlers__A               
20006cf4  xdc_runtime_System_Module__state__V                               
20006cfc  xdc_runtime_Text_Module__state__V                                 
20006d04  __xdc__init__addr                                                 
20006d08  Array2048                                                         
20006e98  _ftable                                                           
20006f88  ti_sysbios_knl_Task_Object__table__V                              
20007028  TSK_idle                                                          
20007148  ti_uia_loggers_LoggerStopMode_Object__table__V                    
200071e4  ti_sysbios_utils_Load_Module__state__V                            
2000727c  ti_sysbios_family_arm_lm4_Timer_Object__table__V                  
200072fc  ti_sysbios_knl_Swi_Module_State_0_readyQ__A                       
2000737c  ti_sysbios_knl_Task_Module_State_0_readyQ__A                      
2000745c  ti_sysbios_family_arm_m3_Hwi_Object__table__V                     
200074bc  ti_sysbios_utils_Load_Module_State_0_taskEnv__A                   
20007510  image_Gallery                                                     
20007518  DrawColor                                                         
2000752c  sixColor                                                          
20007544  sixChar                                                           
2000755c  mailboxHandle                                                     
20007560  ti_sysbios_knl_Task_Module__state__V                              
200075a4  g_pui8CDCSerDeviceDescriptor                                      
200075b6  g_pui8CDCSerDescriptor                                            
200075bf  g_pui8IADSerDescriptor                                            
200075c8  g_psCDCSerSections                                                
200075d4  g_psCDCCompSerSections                                            
200075e4  ti_sysbios_gates_GateMutex_Object__table__V                       
2000761c  ti_sysbios_family_arm_m3_Hwi_Module__state__V                     
20007650  ti_sysbios_family_arm_lm4_Timer_Module_State_0_device__A          
20007680  ti_sysbios_knl_Swi_Object__table__V                               
200076b0  ti_sysbios_knl_Clock_Module__state__V                             
200076dc  ti_sysbios_knl_Semaphore_Object__table__V                         
20007704  ti_sysbios_BIOS_Module__state__V                                  
20007740  __TI_ft_end                                                       
20007744  __aeabi_stdin                                                     
20007748  __aeabi_stdout                                                    
2000774c  __aeabi_stderr                                                    
20007750  g_bUSBTimerInitialized                                            
20007754  g_ui32CurrentUSBTick                                              
20007758  g_ui32USBSOFCount                                                 
2000775c  g_iUSBMode                                                        
20007760  g_ui32WaitTicks                                                   
20007768  WriteData                                                         
2000776c  WriteCommand                                                      
20007778  _lock                                                             
2000777c  _unlock                                                           
20007780  __TI_cleanup_ptr                                                  
20007784  __TI_dtors_ptr                                                    
20007788  ti_uia_runtime_QueueDescriptor_gPtrToFirstDescriptor              
2000778c  ti_uia_runtime_QueueDescriptor_gUpdateCount                       
200077a4  main_func_sp                                                      
200077a8  g_sTouchMin                                                       
e000e000  ti_sysbios_family_arm_m3_Hwi_nvic                                 
ffffffff  __binit__                                                         
ffffffff  __c_args__                                                        
ffffffff  binit                                                             
UNDEFED   SHT$$INIT_ARRAY$$Base                                             
UNDEFED   SHT$$INIT_ARRAY$$Limit                                            

[1029 symbols]
